This is pdfTeX, Version 3.141592653-2.6-1.40.29 (MiKTeX 26.2) (preloaded format=pdflatex 2026.5.1)  17 JUN 2026 18:29
entering extended mode
 restricted \write18 enabled.
 %&-line parsing enabled.
**./ProjectCMAbSurfaceGaloisImage/ProjectCMAbSurfaceGaloisImage.tex
(ProjectCMAbSurfaceGaloisImage/ProjectCMAbSurfaceGaloisImage.tex
LaTeX2e <2025-11-01>
L3 programming layer <2026-03-20>

! LaTeX Error: File `../_macros/macros.tex' not found.

Type X to quit or <RETURN> to proceed,
or enter new name. (Default extension: tex)

Enter file name: 
! Emergency stop.
<read *> 
         
l.1 \input{../_macros/macros.tex}
                                 ^^M
*** (cannot \read from terminal in nonstop modes)

 
Here is how much of TeX's memory you used:
 19 strings out of 467691
 697 string characters out of 5414988
 434954 words of memory out of 5000000
 29178 multiletter control sequences out of 15000+600000
 627721 words of font info for 40 fonts, out of 8000000 for 9000
 1141 hyphenation exceptions out of 8191
 16i,0n,26p,132b,18s stack positions out of 10000i,1000n,20000p,200000b,200000s
!  ==> Fatal error occurred, no output PDF file produced!
