\BOOKMARK [1][-]{section.1}{\376\377\0001\000.\000\040\000P\000r\000o\000b\000a\000b\000i\000l\000i\000t\000y\000\040\000a\000n\000d\000\040\000M\000e\000a\000s\000u\000r\000e\000-\000T\000h\000e\000o\000r\000e\000t\000i\000c\000\040\000F\000o\000u\000n\000d\000a\000t\000i\000o\000n\000s}{}% 1
\BOOKMARK [2][-]{subsection.1.1}{\376\377\0001\000.\0001\000.\000\040\000M\000e\000a\000s\000u\000r\000e\000\040\000t\000h\000e\000o\000r\000y}{section.1}% 2
\BOOKMARK [2][-]{subsection.1.2}{\376\377\0001\000.\0002\000.\000\040\000P\000r\000o\000b\000a\000b\000i\000l\000i\000t\000y\000\040\000i\000n\000\040\000t\000e\000r\000m\000s\000\040\000o\000f\000\040\000m\000e\000a\000s\000u\000r\000e\000\040\000t\000h\000e\000o\000r\000y}{section.1}% 3
\BOOKMARK [2][-]{subsection.1.3}{\376\377\0001\000.\0003\000.\000\040\000M\000o\000d\000e\000s\000\040\000o\000f\000\040\000C\000o\000n\000v\000e\000r\000g\000e\000n\000c\000e}{section.1}% 4
\BOOKMARK [2][-]{subsection.1.4}{\376\377\0001\000.\0004\000.\000\040\000L\000i\000m\000i\000t\000\040\000T\000h\000e\000o\000r\000e\000m\000s}{section.1}% 5
\BOOKMARK [1][-]{section.2}{\376\377\0002\000.\000\040\000S\000t\000o\000c\000h\000a\000s\000t\000i\000c\000\040\000C\000a\000l\000c\000u\000l\000u\000s}{}% 6
\BOOKMARK [2][-]{subsection.2.1}{\376\377\0002\000.\0001\000.\000\040\000B\000r\000o\000w\000n\000i\000a\000n\000\040\000M\000o\000t\000i\000o\000n\000\040\000a\000n\000d\000\040\000I\000t\000\364\000\040\000I\000n\000t\000e\000g\000r\000a\000t\000i\000o\000n}{section.2}% 7
\BOOKMARK [2][-]{subsection.2.2}{\376\377\0002\000.\0002\000.\000\040\000I\000t\000\364\000'\000s\000\040\000F\000o\000r\000m\000u\000l\000a\000\040\000a\000n\000d\000\040\000I\000t\000\364\000\040\000P\000r\000o\000c\000e\000s\000s\000e\000s}{section.2}% 8
\BOOKMARK [1][-]{section.3}{\376\377\0003\000.\000\040\000D\000e\000r\000i\000v\000a\000t\000i\000v\000e\000s\000\040\000P\000r\000i\000c\000i\000n\000g\000\040\000T\000h\000e\000o\000r\000y}{}% 9
\BOOKMARK [2][-]{subsection.3.1}{\376\377\0003\000.\0001\000.\000\040\000M\000a\000r\000k\000e\000t\000\040\000M\000o\000d\000e\000l\000s\000\040\000a\000n\000d\000\040\000N\000o\000-\000A\000r\000b\000i\000t\000r\000a\000g\000e}{section.3}% 10
\BOOKMARK [2][-]{subsection.3.2}{\376\377\0003\000.\0002\000.\000\040\000C\000h\000a\000n\000g\000e\000\040\000o\000f\000\040\000M\000e\000a\000s\000u\000r\000e}{section.3}% 11
\BOOKMARK [2][-]{subsection.3.3}{\376\377\0003\000.\0003\000.\000\040\000F\000e\000y\000n\000m\000a\000n\040\023\000K\000a\000c\000\040\000a\000n\000d\000\040\000P\000D\000E\000\040\000R\000e\000p\000r\000e\000s\000e\000n\000t\000a\000t\000i\000o\000n}{section.3}% 12
\BOOKMARK [1][-]{section.4}{\376\377\0004\000.\000\040\000B\000l\000a\000c\000k\040\023\000S\000c\000h\000o\000l\000e\000s\040\023\000M\000e\000r\000t\000o\000n\000\040\000M\000o\000d\000e\000l}{}% 13
\BOOKMARK [2][-]{subsection.4.1}{\376\377\0004\000.\0001\000.\000\040\000M\000o\000d\000e\000l\000\040\000S\000e\000t\000u\000p\000\040\000a\000n\000d\000\040\000P\000D\000E}{section.4}% 14
\BOOKMARK [2][-]{subsection.4.2}{\376\377\0004\000.\0002\000.\000\040\000C\000l\000o\000s\000e\000d\000-\000F\000o\000r\000m\000\040\000O\000p\000t\000i\000o\000n\000\040\000P\000r\000i\000c\000e\000s}{section.4}% 15
\BOOKMARK [1][-]{section.5}{\376\377\0005\000.\000\040\000G\000r\000e\000e\000k\000s\000\040\000a\000n\000d\000\040\000V\000o\000l\000a\000t\000i\000l\000i\000t\000y}{}% 16
\BOOKMARK [1][-]{section.6}{\376\377\0006\000.\000\040\000V\000o\000l\000a\000t\000i\000l\000i\000t\000y\000\040\000M\000o\000d\000e\000l\000s}{}% 17
\BOOKMARK [2][-]{subsection.6.1}{\376\377\0006\000.\0001\000.\000\040\000L\000o\000c\000a\000l\000\040\000V\000o\000l\000a\000t\000i\000l\000i\000t\000y}{section.6}% 18
\BOOKMARK [2][-]{subsection.6.2}{\376\377\0006\000.\0002\000.\000\040\000S\000t\000o\000c\000h\000a\000s\000t\000i\000c\000\040\000V\000o\000l\000a\000t\000i\000l\000i\000t\000y}{section.6}% 19
\BOOKMARK [1][-]{section.7}{\376\377\0007\000.\000\040\000E\000x\000o\000t\000i\000c\000\040\000O\000p\000t\000i\000o\000n\000s}{}% 20
\BOOKMARK [1][-]{section.8}{\376\377\0008\000.\000\040\000M\000a\000r\000t\000i\000n\000g\000a\000l\000e\000s\000\040\000i\000n\000\040\000F\000i\000n\000a\000n\000c\000e}{}% 21
\BOOKMARK [1][-]{section.9}{\376\377\0009\000.\000\040\000F\000i\000x\000e\000d\000\040\000I\000n\000c\000o\000m\000e}{}% 22
\BOOKMARK [1][-]{section.10}{\376\377\0001\0000\000.\000\040\000R\000i\000s\000k\000\040\000M\000a\000n\000a\000g\000e\000m\000e\000n\000t}{}% 23
\BOOKMARK [1][-]{section.11}{\376\377\0001\0001\000.\000\040\000P\000o\000r\000t\000f\000o\000l\000i\000o\000\040\000T\000h\000e\000o\000r\000y}{}% 24
\BOOKMARK [1][-]{section.12}{\376\377\0001\0002\000.\000\040\000N\000u\000m\000e\000r\000i\000c\000a\000l\000\040\000M\000e\000t\000h\000o\000d\000s\000\040\000f\000o\000r\000\040\000P\000r\000i\000c\000i\000n\000g}{}% 25
\BOOKMARK [1][-]{section.13}{\376\377\0001\0003\000.\000\040\000T\000i\000m\000e\000\040\000S\000e\000r\000i\000e\000s\000\040\000M\000o\000d\000e\000l\000s\000\040\000f\000o\000r\000\040\000F\000i\000n\000a\000n\000c\000e}{}% 26
