\BOOKMARK [2][-]{subsection.0.1}{\376\377\0000\000.\0001\000.\000\040\000D\000i\000s\000c\000l\000a\000i\000m\000e\000r}{}% 1
\BOOKMARK [1][-]{section.1}{\376\377\0001\000.\000\040\000B\000a\000s\000i\000c\000\040\000c\000a\000t\000e\000g\000o\000r\000y\000\040\000t\000h\000e\000o\000r\000y}{}% 2
\BOOKMARK [2][-]{subsection.1.1}{\376\377\0001\000.\0001\000.\000\040\000C\000a\000t\000e\000g\000o\000r\000i\000e\000s}{section.1}% 3
\BOOKMARK [2][-]{subsection.1.2}{\376\377\0001\000.\0002\000.\000\040\000F\000u\000n\000c\000t\000o\000r\000s\000\040\000b\000e\000t\000w\000e\000e\000n\000\040\000c\000a\000t\000e\000g\000o\000r\000i\000e\000s}{section.1}% 4
\BOOKMARK [2][-]{subsection.1.3}{\376\377\0001\000.\0003\000.\000\040\000N\000a\000t\000u\000r\000a\000l\000\040\000t\000r\000a\000n\000s\000f\000o\000r\000m\000a\000t\000i\000o\000n}{section.1}% 5
\BOOKMARK [3][-]{subsubsection.1.3.1}{\376\377\0001\000.\0003\000.\0001\000.\000\040\000Y\000o\000n\000e\000d\000a\000\040\000l\000e\000m\000m\000a}{subsection.1.3}% 6
\BOOKMARK [2][-]{subsection.1.4}{\376\377\0001\000.\0004\000.\000\040\000T\000h\000e\000\040\000c\000a\000t\000e\000g\000o\000r\000y\000\040\000o\000f\000\040\000c\000a\000t\000e\000g\000o\000r\000i\000e\000s}{section.1}% 7
\BOOKMARK [2][-]{subsection.1.5}{\376\377\0001\000.\0005\000.\000\040\000M\000i\000s\000c\000e\000l\000l\000a\000n\000e\000o\000u\000s\000\040\000c\000a\000t\000e\000g\000o\000r\000i\000c\000a\000l\000\040\000n\000o\000t\000i\000o\000n\000s}{section.1}% 8
\BOOKMARK [1][-]{section.2}{\376\377\0002\000.\000\040\000A\000d\000d\000i\000t\000i\000v\000e\000\040\000a\000n\000d\000\040\000a\000b\000e\000l\000i\000a\000n\000\040\000c\000a\000t\000e\000g\000o\000r\000i\000e\000s}{}% 9
\BOOKMARK [2][-]{subsection.2.1}{\376\377\0002\000.\0001\000.\000\040\000R\000i\000n\000g\000s\000\040\000a\000n\000d\000\040\000m\000o\000d\000u\000l\000e\000s}{section.2}% 10
\BOOKMARK [3][-]{subsubsection.2.1.1}{\376\377\0002\000.\0001\000.\0001\000.\000\040\000E\000x\000t\000e\000n\000s\000i\000o\000n\000/\000R\000e\000s\000t\000r\000i\000c\000t\000i\000o\000n\000/\000c\000o\000-\000e\000x\000t\000e\000n\000s\000i\000o\000n\000\040\000o\000f\000\040\000s\000c\000a\000l\000a\000r\000s}{subsection.2.1}% 11
\BOOKMARK [2][-]{subsection.2.2}{\376\377\0002\000.\0002\000.\000\040\000L\000i\000m\000i\000t\000s\000\040\000a\000n\000d\000\040\000c\000o\000l\000i\000m\000i\000t\000s\000\040\000i\000n\000\040\000c\000a\000t\000e\000g\000o\000r\000i\000e\000s}{section.2}% 12
\BOOKMARK [3][-]{subsubsection.2.2.1}{\376\377\0002\000.\0002\000.\0001\000.\000\040\000C\000a\000t\000e\000g\000o\000r\000i\000c\000a\000l\000\040\000p\000r\000o\000d\000u\000c\000t\000s\000,\000\040\000c\000o\000p\000r\000o\000d\000u\000c\000t\000s\000,\000\040\000a\000n\000d\000\040\000d\000i\000r\000e\000c\000t\000\040\000s\000u\000m\000s}{subsection.2.2}% 13
\BOOKMARK [3][-]{subsubsection.2.2.2}{\376\377\0002\000.\0002\000.\0002\000.\000\040\000G\000e\000n\000e\000r\000a\000l\000\040\000l\000i\000m\000i\000t\000s\000\040\000a\000n\000d\000\040\000c\000o\000l\000i\000m\000i\000t\000s}{subsection.2.2}% 14
\BOOKMARK [2][-]{subsection.2.3}{\376\377\0002\000.\0003\000.\000\040\000A\000d\000d\000i\000t\000i\000v\000e\000\040\000c\000a\000t\000e\000g\000o\000r\000i\000e\000s}{section.2}% 15
\BOOKMARK [3][-]{subsubsection.2.3.1}{\376\377\0002\000.\0003\000.\0001\000.\000\040\000A\000d\000d\000i\000t\000i\000v\000e\000\040\000a\000n\000d\000\040\000a\000b\000e\000l\000i\000a\000n\000\040\000c\000a\000t\000e\000g\000o\000r\000i\000e\000s}{subsection.2.3}% 16
\BOOKMARK [2][-]{subsection.2.4}{\376\377\0002\000.\0004\000.\000\040\000A\000d\000d\000i\000t\000i\000v\000e\000\040\000f\000u\000n\000c\000t\000o\000r\000s\000\040\000b\000e\000t\000w\000e\000e\000n\000\040\000a\000d\000d\000i\000t\000i\000v\000e\000\040\000c\000a\000t\000e\000g\000o\000r\000i\000e\000s}{section.2}% 17
\BOOKMARK [3][-]{subsubsection.2.4.1}{\376\377\0002\000.\0004\000.\0001\000.\000\040\000E\000x\000a\000c\000t\000\040\000f\000u\000n\000c\000t\000o\000r\000s\000\040\000b\000e\000t\000w\000e\000e\000n\000\040\000a\000b\000e\000l\000i\000a\000n\000\040\000c\000a\000t\000e\000g\000o\000r\000i\000e\000s}{subsection.2.4}% 18
\BOOKMARK [2][-]{subsection.2.5}{\376\377\0002\000.\0005\000.\000\040\000A\000d\000j\000o\000i\000n\000t\000\040\000f\000u\000n\000c\000t\000o\000r\000s}{section.2}% 19
\BOOKMARK [3][-]{subsubsection.2.5.1}{\376\377\0002\000.\0005\000.\0001\000.\000\040\000G\000r\000o\000t\000h\000e\000n\000d\000i\000e\000c\000k\000'\000s\000\040\000a\000d\000d\000i\000t\000i\000o\000n\000a\000l\000\040\000a\000x\000i\000o\000m\000s\000\040\000f\000o\000r\000\040\000a\000b\000e\000l\000i\000a\000n\000\040\000c\000a\000t\000e\000g\000o\000r\000i\000e\000s}{subsection.2.5}% 20
\BOOKMARK [1][-]{section.3}{\376\377\0003\000.\000\040\000C\000h\000a\000i\000n\000\040\000c\000o\000m\000p\000l\000e\000x\000e\000s\000\040\000o\000f\000\040\000o\000b\000j\000e\000c\000t\000s\000\040\000i\000n\000\040\000a\000d\000d\000i\000t\000i\000v\000e\000\040\000c\000a\000t\000e\000g\000o\000r\000i\000e\000s}{}% 21
\BOOKMARK [2][-]{subsection.3.1}{\376\377\0003\000.\0001\000.\000\040\000C\000a\000t\000e\000g\000o\000r\000y\000\040\000o\000f\000\040\000c\000h\000a\000i\000n\000\040\000c\000o\000m\000p\000l\000e\000x\000e\000s\000\040\000a\000s\000\040\000a\000\040\000f\000u\000n\000c\000t\000o\000r\000\040\000c\000a\000t\000e\000g\000o\000r\000y}{section.3}% 22
\BOOKMARK [2][-]{subsection.3.2}{\376\377\0003\000.\0002\000.\000\040\000H\000o\000m\000o\000l\000o\000g\000y\000\040\000a\000n\000d\000\040\000c\000o\000h\000o\000m\000o\000l\000o\000g\000y\000\040\000o\000f\000\040\000a\000\040\000c\000h\000a\000i\000n\000\040\000c\000o\000m\000p\000l\000e\000x}{section.3}% 23
\BOOKMARK [2][-]{subsection.3.3}{\376\377\0003\000.\0003\000.\000\040\000S\000i\000n\000g\000u\000l\000a\000r\000\040\000h\000o\000m\000o\000l\000o\000g\000y\000\040\000a\000n\000d\000\040\000c\000o\000h\000o\000m\000o\000l\000o\000g\000y\000\040\000g\000r\000o\000u\000p\000s\000\040\000o\000f\000\040\000a\000\040\000t\000o\000p\000o\000l\000o\000g\000i\000c\000a\000l\000\040\000s\000p\000a\000c\000e}{section.3}% 24
\BOOKMARK [3][-]{subsubsection.3.3.1}{\376\377\0003\000.\0003\000.\0001\000.\000\040\000S\000i\000n\000g\000u\000l\000a\000r\000\040\000h\000o\000m\000o\000l\000o\000g\000y\000\040\000d\000e\000f\000i\000n\000i\000t\000i\000o\000n\000s}{subsection.3.3}% 25
\BOOKMARK [3][-]{subsubsection.3.3.2}{\376\377\0003\000.\0003\000.\0002\000.\000\040\000S\000i\000n\000g\000u\000l\000a\000r\000\040\000c\000o\000h\000o\000m\000o\000l\000o\000g\000y\000\040\000d\000e\000f\000i\000n\000i\000t\000i\000o\000n\000s}{subsection.3.3}% 26
\BOOKMARK [3][-]{subsubsection.3.3.3}{\376\377\0003\000.\0003\000.\0003\000.\000\040\000U\000n\000i\000v\000e\000r\000s\000a\000l\000\040\000c\000o\000e\000f\000f\000i\000c\000i\000e\000n\000t\000\040\000t\000h\000e\000o\000r\000e\000m\000s\000\040\000o\000f\000\040\000s\000i\000n\000g\000u\000l\000a\000r\000\040\000h\000o\000m\000o\000l\000o\000g\000y\000\040\000a\000n\000d\000\040\000c\000o\000h\000o\000m\000o\000l\000o\000g\000y}{subsection.3.3}% 27
\BOOKMARK [3][-]{subsubsection.3.3.4}{\376\377\0003\000.\0003\000.\0004\000.\000\040\000S\000i\000m\000p\000l\000i\000c\000i\000a\000l\000\040\000h\000o\000m\000o\000l\000o\000g\000y}{subsection.3.3}% 28
\BOOKMARK [3][-]{subsubsection.3.3.5}{\376\377\0003\000.\0003\000.\0005\000.\000\040\000C\000W\000-\000c\000o\000m\000p\000l\000e\000x\000e\000s}{subsection.3.3}% 29
\BOOKMARK [2][-]{subsection.3.4}{\376\377\0003\000.\0004\000.\000\040\000H\000o\000m\000o\000t\000o\000p\000y\000\040\000b\000e\000t\000w\000e\000e\000n\000\040\000m\000o\000r\000p\000h\000i\000s\000m\000s\000\040\000o\000f\000\040\000t\000o\000p\000o\000l\000o\000g\000i\000c\000a\000l\000\040\000s\000p\000a\000c\000e\000s}{section.3}% 30
\BOOKMARK [2][-]{subsection.3.5}{\376\377\0003\000.\0005\000.\000\040\000C\000h\000a\000i\000n\000\040\000h\000o\000m\000o\000t\000o\000p\000y\000\040\000b\000e\000t\000w\000e\000e\000n\000\040\000m\000o\000r\000p\000h\000i\000s\000m\000s\000\040\000o\000f\000\040\000c\000h\000a\000i\000n\000\040\000c\000o\000m\000p\000l\000e\000x\000e\000s}{section.3}% 31
\BOOKMARK [2][-]{subsection.3.6}{\376\377\0003\000.\0006\000.\000\040\000M\000a\000p\000p\000i\000n\000g\000\040\000c\000o\000n\000e\000s\000\040\000o\000f\000\040\000m\000o\000r\000p\000h\000i\000s\000m\000s\000\040\000b\000e\000t\000w\000e\000e\000n\000\040\000t\000o\000p\000o\000l\000o\000g\000i\000c\000a\000l\000\040\000s\000p\000a\000c\000e\000s}{section.3}% 32
\BOOKMARK [2][-]{subsection.3.7}{\376\377\0003\000.\0007\000.\000\040\000M\000a\000p\000p\000i\000n\000g\000\040\000c\000o\000n\000e\000s\000\040\000o\000f\000\040\000m\000o\000r\000p\000h\000i\000s\000m\000s\000\040\000b\000e\000t\000w\000e\000e\000n\000\040\000c\000h\000a\000i\000n\000\040\000c\000o\000m\000p\000l\000e\000x\000e\000s}{section.3}% 33
\BOOKMARK [3][-]{subsubsection.3.7.1}{\376\377\0003\000.\0007\000.\0001\000.\000\040\000M\000a\000p\000p\000i\000n\000g\000\040\000c\000o\000n\000e\000s\000\040\000f\000o\000r\000\040\000m\000o\000r\000p\000h\000i\000s\000m\000s\000\040\000o\000f\000\040\000t\000o\000p\000o\000l\000o\000g\000i\000c\000a\000l\000\040\000s\000p\000a\000c\000e\000s\000\040\000a\000r\000e\000\040\000m\000a\000p\000p\000i\000n\000g\000\040\000c\000o\000n\000e\000s\000\040\000o\000f\000\040\000t\000h\000e\000\040\000c\000h\000a\000i\000n\000\040\000m\000a\000p\000s\000\040\000o\000f\000\040\000t\000h\000e\000\040\000s\000i\000n\000g\000u\000l\000a\000r\000\040\000c\000h\000a\000i\000n\000\040\000c\000o\000m\000p\000l\000e\000x\000e\000s}{subsection.3.7}% 34
\BOOKMARK [1][-]{section.4}{\376\377\0004\000.\000\040\000D\000e\000r\000i\000v\000e\000d\000\040\000f\000u\000n\000c\000t\000o\000r\000s}{}% 35
\BOOKMARK [2][-]{subsection.4.1}{\376\377\0004\000.\0001\000.\000\040\000-\000f\000u\000n\000c\000t\000o\000r\000s}{section.4}% 36
\BOOKMARK [2][-]{subsection.4.2}{\376\377\0004\000.\0002\000.\000\040\000A\000b\000e\000l\000i\000a\000n\000\040\000c\000a\000t\000e\000g\000o\000r\000i\000e\000s\000\040\000w\000i\000t\000h\000\040\000e\000n\000o\000u\000g\000h\000\040\000o\000b\000j\000e\000c\000t\000s\000\040\000o\000f\000\040\000a\000\040\000c\000l\000a\000s\000s\000\040\000a\000n\000d\000\040\000r\000e\000s\000o\000l\000u\000t\000i\000o\000n\000s}{section.4}% 37
\BOOKMARK [3][-]{subsubsection.4.2.1}{\376\377\0004\000.\0002\000.\0001\000.\000\040\000I\000n\000j\000e\000c\000t\000i\000v\000e\000\040\000a\000n\000d\000\040\000p\000r\000o\000j\000e\000c\000t\000i\000v\000e\000\040\000o\000b\000j\000e\000c\000t\000s}{subsection.4.2}% 38
\BOOKMARK [3][-]{subsubsection.4.2.2}{\376\377\0004\000.\0002\000.\0002\000.\000\040\000F\000l\000a\000t\000\040\000m\000o\000d\000u\000l\000e\000s}{subsection.4.2}% 39
\BOOKMARK [3][-]{subsubsection.4.2.3}{\376\377\0004\000.\0002\000.\0003\000.\000\040\000R\000e\000s\000o\000l\000u\000t\000i\000o\000n\000s}{subsection.4.2}% 40
\BOOKMARK [2][-]{subsection.4.3}{\376\377\0004\000.\0003\000.\000\040\000D\000e\000r\000i\000v\000e\000d\000\040\000f\000u\000n\000c\000t\000o\000r\000s\000\040\000o\000f\000\040\000r\000i\000g\000h\000t\000\040\000o\000r\000\040\000l\000e\000f\000t\000\040\000e\000x\000a\000c\000t\000\040\000f\000u\000n\000c\000t\000o\000r\000s\000\040\000b\000e\000t\000w\000e\000e\000n\000\040\000a\000b\000e\000l\000i\000a\000n\000\040\000c\000a\000t\000e\000g\000o\000r\000i\000e\000s\000\040\000w\000h\000e\000r\000e\000\040\000t\000h\000e\000\040\000s\000o\000u\000r\000c\000e\000\040\000c\000a\000t\000e\000g\000o\000r\000y\000\040\000h\000a\000s\000\040\000e\000n\000o\000u\000g\000h\000\040\000p\000r\000o\000j\000e\000c\000t\000i\000v\000e\000s\000\040\000o\000r\000\040\000i\000n\000j\000e\000c\000t\000i\000v\000e\000s}{section.4}% 41
\BOOKMARK [2][-]{subsection.4.4}{\376\377\0004\000.\0004\000.\000\040\000F\000-\000a\000c\000y\000c\000l\000i\000c\000\040\000o\000b\000j\000e\000c\000t\000s}{section.4}% 42
\BOOKMARK [2][-]{subsection.4.5}{\376\377\0004\000.\0005\000.\000\040\000T\000o\000r\000\040\000a\000n\000d\000\040\000E\000x\000t}{section.4}% 43
\BOOKMARK [2][-]{subsection.4.6}{\376\377\0004\000.\0006\000.\000\040\000B\000a\000l\000a\000n\000c\000i\000n\000g\000\040\000E\000x\000t\000\040\000a\000n\000d\000\040\000T\000o\000r}{section.4}% 44
\BOOKMARK [3][-]{subsubsection.4.6.1}{\376\377\0004\000.\0006\000.\0001\000.\000\040\000D\000o\000u\000b\000l\000e\000\040\000c\000o\000m\000p\000l\000e\000x\000e\000s}{subsection.4.6}% 45
\BOOKMARK [3][-]{subsubsection.4.6.2}{\376\377\0004\000.\0006\000.\0002\000.\000\040\000A\000c\000y\000c\000l\000i\000c\000\040\000a\000s\000s\000e\000m\000b\000l\000y\000\040\000l\000e\000m\000m\000a}{subsection.4.6}% 46
\BOOKMARK [3][-]{subsubsection.4.6.3}{\376\377\0004\000.\0006\000.\0003\000.\000\040\000F\000l\000a\000t\000\040\000o\000b\000j\000e\000c\000t\000s\000\040\000w\000i\000t\000h\000\040\000r\000e\000s\000p\000e\000c\000t\000\040\000t\000o\000\040\000b\000i\000a\000d\000d\000i\000t\000i\000v\000e\000\040\000f\000u\000n\000c\000t\000o\000r\000s}{subsection.4.6}% 47
\BOOKMARK [3][-]{subsubsection.4.6.4}{\376\377\0004\000.\0006\000.\0004\000.\000\040\000D\000e\000r\000i\000v\000e\000d\000\040\000f\000u\000n\000c\000t\000o\000r\000s\000\040\000f\000o\000r\000\040\000b\000i\000a\000d\000d\000i\000t\000i\000v\000e\000\040\000f\000u\000n\000c\000t\000o\000r\000s\000\040\000c\000o\000m\000p\000u\000t\000e\000d\000\040\000v\000i\000a\000\040\000r\000e\000s\000o\000l\000u\000t\000i\000o\000n\000s\000\040\000o\000f\000\040\000f\000l\000a\000t\000\040\000o\000b\000j\000e\000c\000t\000s}{subsection.4.6}% 48
\BOOKMARK [2][-]{subsection.4.7}{\376\377\0004\000.\0007\000.\000\040\000T\000o\000r\000/\000d\000e\000r\000i\000v\000e\000d\000\040\000f\000u\000n\000c\000t\000o\000r\000\040\000o\000f\000\040\000a\000\040\000\050\000r\000i\000g\000h\000t\000\040\000e\000x\000a\000c\000t\000\051\000\040\000b\000i\000a\000d\000d\000i\000t\000i\000v\000e\000\040\000f\000u\000n\000c\000t\000o\000r\000\040\000v\000i\000a\000\040\000p\000r\000o\000j\000e\000c\000t\000i\000v\000e\000\040\000r\000e\000s\000o\000l\000u\000t\000i\000o\000n\000s\000\040\000o\000r\000\040\000f\000l\000a\000t\000\040\000r\000e\000s\000o\000l\000u\000t\000i\000o\000n\000s}{section.4}% 49
\BOOKMARK [1][-]{section.5}{\376\377\0005\000.\000\040\000E\000x\000t\000\040\000a\000n\000d\000\040\000T\000o\000r}{}% 50
\BOOKMARK [2][-]{subsection.5.1}{\376\377\0005\000.\0001\000.\000\040\000T\000o\000r\000\040\000f\000o\000r\000\040\000a\000b\000e\000l\000i\000a\000n\000\040\000g\000r\000o\000u\000p\000s}{section.5}% 51
\BOOKMARK [2][-]{subsection.5.2}{\376\377\0005\000.\0002\000.\000\040\000T\000o\000r\000\040\000a\000n\000d\000\040\000F\000l\000a\000t\000n\000e\000s\000s}{section.5}% 52
\BOOKMARK [2][-]{subsection.5.3}{\376\377\0005\000.\0003\000.\000\040\000E\000x\000t\000\040\000a\000n\000d\000\040\000e\000x\000t\000e\000n\000s\000i\000o\000n\000s}{section.5}% 53
\BOOKMARK [2][-]{subsection.5.4}{\376\377\0005\000.\0004\000.\000\040\000U\000n\000i\000v\000e\000r\000s\000a\000l\000\040\000C\000o\000e\000f\000f\000i\000c\000i\000e\000n\000t\000\040\000T\000h\000e\000o\000r\000e\000m\000s\000\040\000a\000n\000d\000\040\000K\000\374\000n\000n\000e\000t\000h\000\040\000F\000o\000r\000m\000u\000l\000a\000e}{section.5}% 54
\BOOKMARK [1][-]{section.6}{\376\377\0006\000.\000\040\000H\000o\000m\000o\000l\000o\000g\000i\000c\000a\000l\000\040\000d\000i\000m\000e\000n\000s\000i\000o\000n}{}% 55
\BOOKMARK [1][-]{section.7}{\376\377\0007\000.\000\040\000S\000h\000e\000a\000v\000e\000s\000\040\000o\000n\000\040\000t\000o\000p\000o\000l\000o\000g\000i\000c\000a\000l\000\040\000s\000p\000a\000c\000e\000s}{}% 56
\BOOKMARK [2][-]{subsection.7.1}{\376\377\0007\000.\0001\000.\000\040\000P\000r\000e\000s\000h\000e\000a\000v\000e\000s\000\040\000a\000n\000d\000\040\000s\000h\000e\000a\000v\000e\000s\000\040\000o\000n\000\040\000t\000o\000p\000o\000l\000o\000g\000i\000c\000a\000l\000\040\000s\000p\000a\000c\000e\000s}{section.7}% 57
\BOOKMARK [3][-]{subsubsection.7.1.1}{\376\377\0007\000.\0001\000.\0001\000.\000\040\000E\000x\000a\000m\000p\000l\000e\000s\000\040\000o\000f\000\040\000s\000h\000e\000a\000v\000e\000s}{subsection.7.1}% 58
\BOOKMARK [2][-]{subsection.7.2}{\376\377\0007\000.\0002\000.\000\040\000S\000h\000e\000a\000v\000e\000s\000\040\000o\000n\000\040\000m\000o\000r\000e\000\040\000g\000e\000n\000e\000r\000a\000l\000\040\000s\000i\000t\000e\000s}{section.7}% 59
\BOOKMARK [2][-]{subsection.7.3}{\376\377\0007\000.\0003\000.\000\040\000S\000h\000e\000a\000f\000i\000f\000i\000c\000a\000t\000i\000o\000n\000\040\000o\000f\000\040\000p\000r\000e\000s\000h\000e\000a\000v\000e\000s\000\040\000o\000n\000\040\000t\000o\000p\000o\000l\000o\000g\000i\000c\000a\000l\000\040\000s\000p\000a\000c\000e\000s}{section.7}% 60
\BOOKMARK [2][-]{subsection.7.4}{\376\377\0007\000.\0004\000.\000\040\000S\000e\000c\000t\000i\000o\000n\000s\000\040\000f\000u\000n\000c\000t\000o\000r\000s}{section.7}% 61
\BOOKMARK [2][-]{subsection.7.5}{\376\377\0007\000.\0005\000.\000\040\000S\000t\000a\000l\000k\000s\000\040\000o\000f\000\040\000p\000r\000e\000s\000h\000e\000a\000v\000e\000s\000\040\000a\000n\000d\000\040\000s\000h\000e\000a\000v\000e\000s\000\040\000o\000n\000\040\000t\000o\000p\000o\000l\000o\000g\000i\000c\000a\000l\000\040\000s\000p\000a\000c\000e\000s}{section.7}% 62
\BOOKMARK [3][-]{subsubsection.7.5.1}{\376\377\0007\000.\0005\000.\0001\000.\000\040\000S\000h\000e\000a\000f\000\040\000t\000h\000e\000o\000r\000e\000t\000i\000c\000\040\000s\000t\000a\000t\000e\000m\000e\000n\000t\000s\000\040\000o\000f\000\040\000a\000n\000a\000l\000y\000s\000i\000s\000\040\000a\000n\000d\000\040\000m\000a\000n\000i\000f\000o\000l\000d\000s}{subsection.7.5}% 63
\BOOKMARK [2][-]{subsection.7.6}{\376\377\0007\000.\0006\000.\000\040\000S\000h\000e\000a\000f\000\040\000o\000f\000\040\000r\000i\000n\000g\000s\000,\000\040\000r\000i\000n\000g\000e\000d\000\040\000s\000p\000a\000c\000e\000s\000,\000\040\000a\000n\000d\000\040\000s\000h\000e\000a\000v\000e\000s\000\040\000o\000f\000\040\000m\000o\000d\000u\000l\000e\000s}{section.7}% 64
\BOOKMARK [2][-]{subsection.7.7}{\376\377\0007\000.\0007\000.\000\040\000P\000u\000l\000l\000b\000a\000c\000k\000s\000\040\000a\000n\000d\000\040\000p\000u\000s\000h\000f\000o\000r\000w\000a\000r\000d\000s}{section.7}% 65
\BOOKMARK [3][-]{subsubsection.7.7.1}{\376\377\0007\000.\0007\000.\0001\000.\000\040\000L\000o\000c\000a\000l\000l\000y\000\040\000c\000o\000n\000s\000t\000a\000n\000t\000\040\000s\000h\000e\000a\000v\000e\000s}{subsection.7.7}% 66
\BOOKMARK [3][-]{subsubsection.7.7.2}{\376\377\0007\000.\0007\000.\0002\000.\000\040\000V\000e\000c\000t\000o\000r\000\040\000b\000u\000n\000d\000l\000e\000s}{subsection.7.7}% 67
\BOOKMARK [3][-]{subsubsection.7.7.3}{\376\377\0007\000.\0007\000.\0003\000.\000\040\000T\000h\000e\000\040\000d\000e\000f\000i\000n\000i\000t\000i\000o\000n\000\040\000o\000f\000\040\000s\000c\000h\000e\000m\000e\000s}{subsection.7.7}% 68
\BOOKMARK [3][-]{subsubsection.7.7.4}{\376\377\0007\000.\0007\000.\0004\000.\000\040\000S\000h\000e\000a\000f\000\040\000c\000o\000h\000o\000m\000o\000l\000o\000g\000y}{subsection.7.7}% 69
\BOOKMARK [2][-]{subsection.7.8}{\376\377\0007\000.\0008\000.\000\040\001\014\000e\000c\000h\000\040\000c\000o\000h\000o\000m\000o\000l\000o\000g\000y}{section.7}% 70
\BOOKMARK [1][-]{section.8}{\376\377\0008\000.\000\040\000G\000r\000o\000u\000p\000\040\000h\000o\000m\000o\000l\000o\000g\000y\000/\000c\000o\000h\000o\000m\000o\000l\000o\000g\000y}{}% 71
\BOOKMARK [2][-]{subsection.8.1}{\376\377\0008\000.\0001\000.\000\040\000T\000y\000p\000e\000s\000\040\000o\000f\000\040\000g\000r\000o\000u\000p\000s}{section.8}% 72
\BOOKMARK [2][-]{subsection.8.2}{\376\377\0008\000.\0002\000.\000\040\000G\000r\000o\000u\000p\000\040\000r\000i\000n\000g\000\040\000o\000f\000\040\000a\000\040\000g\000r\000o\000u\000p\000\040\000o\000v\000e\000r\000\040\000a\000\040\000r\000i\000n\000g}{section.8}% 73
\BOOKMARK [2][-]{subsection.8.3}{\376\377\0008\000.\0003\000.\000\040\000I\000n\000v\000a\000r\000i\000a\000n\000t\000/\000c\000o\000i\000n\000v\000a\000r\000i\000a\000n\000t\000\040\000f\000u\000n\000c\000t\000o\000r\000s\000\040\000a\000n\000d\000\040\000G\000r\000o\000u\000p\000\040\000h\000o\000m\000o\000l\000o\000g\000y\000/\000c\000o\000h\000o\000m\000o\000l\000o\000g\000y}{section.8}% 74
\BOOKMARK [2][-]{subsection.8.4}{\376\377\0008\000.\0004\000.\000\040\000C\000o\000m\000p\000u\000t\000i\000n\000g\000\040\000g\000r\000o\000u\000p\000\040\000h\000o\000m\000o\000l\000o\000g\000y\000/\000c\000o\000h\000o\000m\000o\000l\000o\000g\000y\000\040\000f\000r\000o\000m\000\040\000B\000a\000r\000\040\000r\000e\000s\000o\000l\000u\000t\000i\000o\000n\000s}{section.8}% 75
\BOOKMARK [2][-]{subsection.8.5}{\376\377\0008\000.\0005\000.\000\040\000C\000o\000m\000p\000u\000t\000a\000t\000a\000t\000i\000o\000n\000s\000\040\000o\000f\000\040\000g\000r\000o\000u\000p\000\040\000h\000o\000m\000o\000l\000o\000g\000y\000/\000c\000o\000h\000o\000m\000o\000l\000o\000g\000y\000\040\000i\000n\000\040\000s\000i\000m\000p\000l\000e\000\040\000c\000a\000s\000e\000s}{section.8}% 76
\BOOKMARK [3][-]{subsubsection.8.5.1}{\376\377\0008\000.\0005\000.\0001\000.\000\040\000G\000r\000o\000u\000p\000\040\000h\000o\000m\000o\000l\000o\000g\000y\000/\000c\000o\000h\000o\000m\000o\000l\000o\000g\000y\000\040\000o\000f\000\040\000c\000y\000c\000l\000i\000c\000\040\000g\000r\000o\000u\000p\000s}{subsection.8.5}% 77
\BOOKMARK [3][-]{subsubsection.8.5.2}{\376\377\0008\000.\0005\000.\0002\000.\000\040\000F\000i\000r\000s\000t\000\040\000g\000r\000o\000u\000p\000\040\000h\000o\000m\000o\000l\000o\000g\000y\000\040\000o\000f\000\040\000t\000r\000i\000v\000i\000a\000l\000\040\000a\000c\000t\000i\000o\000n\000\040\000o\000n\000\040\000b\000a\000s\000e\000\040\000r\000i\000n\000g}{subsection.8.5}% 78
\BOOKMARK [2][-]{subsection.8.6}{\376\377\0008\000.\0006\000.\000\040\000I\000n\000d\000u\000c\000t\000i\000o\000n\000/\000C\000o\000i\000n\000d\000u\000c\000t\000i\000o\000n\000/\000R\000e\000s\000t\000r\000i\000c\000t\000i\000o\000n\000\040\000o\000f\000\040\000G\000-\000m\000o\000d\000u\000l\000e\000s}{section.8}% 79
\BOOKMARK [2][-]{subsection.8.7}{\376\377\0008\000.\0007\000.\000\040\000M\000o\000d\000u\000l\000e\000s\000\040\000o\000v\000e\000r\000\040\000t\000o\000p\000o\000l\000o\000g\000i\000c\000a\000l\000\040\000g\000r\000o\000u\000p\000s\000\040\000a\000n\000d\000\040\000t\000o\000p\000o\000l\000o\000g\000i\000c\000a\000l\000\040\000r\000i\000n\000g\000s}{section.8}% 80
\BOOKMARK [2][-]{subsection.8.8}{\376\377\0008\000.\0008\000.\000\040\000C\000o\000n\000t\000i\000n\000u\000o\000u\000s\000\040\000c\000o\000h\000o\000m\000o\000l\000o\000g\000y\000\040\000o\000f\000\040\000a\000\040\000t\000o\000p\000o\000l\000o\000g\000i\000c\000a\000l\000\040\000m\000o\000d\000u\000l\000e\000\040\000o\000v\000e\000r\000\040\000a\000\040\000g\000r\000o\000u\000p\000\040\000r\000i\000n\000g\000\040\000o\000f\000\040\000a\000\040\000t\000o\000p\000o\000l\000o\000g\000i\000c\000a\000l\000\040\000g\000r\000o\000u\000p\000\040\000o\000v\000e\000r\000\040\000a\000\040\000t\000o\000p\000o\000l\000o\000g\000i\000c\000a\000l\000\040\000r\000i\000n\000g}{section.8}% 81
\BOOKMARK [2][-]{subsection.8.9}{\376\377\0008\000.\0009\000.\000\040\000C\000o\000h\000o\000m\000o\000l\000o\000g\000i\000c\000a\000l\000\040\000d\000i\000m\000e\000n\000s\000i\000o\000n\000s\000\040\000o\000f\000\040\000g\000r\000o\000u\000p\000s}{section.8}% 82
\BOOKMARK [3][-]{subsubsection.8.9.1}{\376\377\0008\000.\0009\000.\0001\000.\000\040\000C\000o\000h\000o\000m\000o\000l\000o\000g\000i\000c\000a\000l\000\040\000d\000i\000m\000e\000n\000s\000i\000o\000n\000s\000\040\000o\000f\000\040\000f\000i\000e\000l\000d\000s}{subsection.8.9}% 83
\BOOKMARK [1][-]{section.9}{\376\377\0009\000.\000\040\000S\000p\000e\000c\000t\000r\000a\000l\000\040\000S\000e\000q\000u\000e\000n\000c\000e\000s}{}% 84
\BOOKMARK [2][-]{subsection.9.1}{\376\377\0009\000.\0001\000.\000\040\000G\000r\000a\000d\000e\000d\000\040\000o\000b\000j\000e\000c\000t\000s}{section.9}% 85
\BOOKMARK [2][-]{subsection.9.2}{\376\377\0009\000.\0002\000.\000\040\000F\000i\000l\000t\000e\000r\000e\000d\000\040\000o\000b\000j\000e\000c\000t\000s}{section.9}% 86
\BOOKMARK [2][-]{subsection.9.3}{\376\377\0009\000.\0003\000.\000\040\000F\000i\000l\000t\000e\000r\000e\000d\000\040\000g\000r\000a\000d\000e\000d\000\040\000o\000b\000j\000e\000c\000t\000s}{section.9}% 87
\BOOKMARK [2][-]{subsection.9.4}{\376\377\0009\000.\0004\000.\000\040\000S\000p\000e\000c\000t\000r\000a\000l\000\040\000s\000e\000q\000u\000e\000n\000c\000e\000s}{section.9}% 88
\BOOKMARK [2][-]{subsection.9.5}{\376\377\0009\000.\0005\000.\000\040\000C\000o\000n\000v\000e\000r\000g\000e\000n\000c\000e\000\040\000o\000f\000\040\000s\000p\000e\000c\000t\000r\000a\000l\000\040\000s\000e\000q\000u\000e\000n\000c\000e\000s\000\040\000t\000o\000\040\000g\000r\000a\000d\000e\000d\000\040\000o\000b\000j\000e\000c\000t\000s}{section.9}% 89
\BOOKMARK [2][-]{subsection.9.6}{\376\377\0009\000.\0006\000.\000\040\000S\000p\000e\000c\000t\000r\000a\000l\000\040\000s\000e\000q\000u\000e\000n\000c\000e\000\040\000o\000f\000\040\000a\000\040\000f\000i\000l\000t\000r\000a\000t\000i\000o\000n\000\040\000o\000f\000\040\000a\000\040\000c\000h\000a\000i\000n\000\040\000c\000o\000m\000p\000l\000e\000x}{section.9}% 90
\BOOKMARK [2][-]{subsection.9.7}{\376\377\0009\000.\0007\000.\000\040\000G\000r\000o\000t\000h\000e\000n\000d\000i\000e\000c\000k\000\040\000s\000p\000e\000c\000t\000r\000a\000l\000\040\000s\000e\000q\000u\000e\000n\000c\000e\000s\000\040\000a\000n\000d\000\040\000c\000o\000n\000s\000e\000q\000u\000e\000n\000c\000e\000s}{section.9}% 91
\BOOKMARK [2][-]{subsection.9.8}{\376\377\0009\000.\0008\000.\000\040\000E\000x\000a\000m\000p\000l\000e\000\040\000c\000o\000m\000p\000u\000t\000a\000t\000i\000o\000n\000s\000\040\000u\000s\000i\000n\000g\000\040\000s\000p\000e\000c\000c\000t\000r\000a\000l\000\040\000s\000e\000q\000u\000e\000n\000c\000e\000s}{section.9}% 92
\BOOKMARK [1][-]{section.10}{\376\377\0001\0000\000.\000\040\000L\000e\000f\000t\000/\000r\000i\000g\000h\000t\000\040\000d\000e\000r\000i\000v\000e\000d\000\040\000f\000u\000n\000c\000t\000o\000r\000s\000\040\000o\000f\000\040\000r\000i\000g\000h\000t\000/\000l\000e\000f\000t\000\040\000e\000x\000a\000c\000t\000\040\000f\000u\000n\000c\000t\000o\000r\000s}{}% 93
\BOOKMARK [2][-]{subsection.10.1}{\376\377\0001\0000\000.\0001\000.\000\040\000H\000o\000m\000o\000t\000o\000p\000y\000\040\000c\000a\000t\000e\000g\000o\000r\000y\000\040\000o\000f\000\040\000c\000h\000a\000i\000n\000\040\000c\000o\000m\000p\000l\000e\000x\000e\000s\000\040\000o\000f\000\040\000a\000n\000\040\000a\000d\000d\000i\000t\000i\000v\000e\000\040\000c\000a\000t\000e\000g\000o\000r\000y}{section.10}% 94
\BOOKMARK [2][-]{subsection.10.2}{\376\377\0001\0000\000.\0002\000.\000\040\000M\000u\000l\000t\000i\000p\000l\000i\000c\000a\000t\000i\000v\000e\000\040\000s\000y\000s\000t\000e\000m\000s\000\040\000i\000n\000\040\000c\000a\000t\000e\000g\000o\000r\000i\000e\000s}{section.10}% 95
\BOOKMARK [2][-]{subsection.10.3}{\376\377\0001\0000\000.\0003\000.\000\040\000D\000e\000r\000i\000v\000e\000d\000\040\000c\000a\000t\000e\000g\000o\000r\000i\000e\000s\000\040\000o\000f\000\040\000a\000b\000e\000l\000i\000a\000n\000\040\000c\000a\000t\000e\000g\000o\000r\000i\000e\000s}{section.10}% 96
\BOOKMARK [2][-]{subsection.10.4}{\376\377\0001\0000\000.\0004\000.\000\040\000T\000o\000t\000a\000l\000\040\000d\000e\000r\000i\000v\000e\000d\000\040\000f\000u\000n\000c\000t\000o\000r\000s\000\040}{section.10}% 97
\BOOKMARK [2][-]{subsection.10.5}{\376\377\0001\0000\000.\0005\000.\000\040\000G\000e\000n\000e\000r\000a\000l\000\040\000d\000e\000r\000i\000v\000e\000d\000\040\000f\000u\000n\000c\000t\000o\000r\000s\000\040\000f\000o\000r\000\040\000e\000x\000a\000c\000t\000\040\000m\000u\000l\000t\000i\000f\000u\000n\000c\000t\000o\000r\000s\000\040\000b\000e\000t\000w\000e\000e\000n\000\040\000t\000r\000i\000a\000n\000g\000u\000l\000a\000t\000e\000d\000\040\000c\000a\000t\000e\000g\000o\000r\000i\000e\000s}{section.10}% 98
\BOOKMARK [3][-]{subsubsection.10.5.1}{\376\377\0001\0000\000.\0005\000.\0001\000.\000\040\000D\000e\000r\000i\000v\000e\000d\000\040\000m\000u\000l\000t\000i\000f\000u\000n\000c\000t\000o\000r\000s\000\040\000o\000f\000\040\000a\000d\000d\000i\000t\000i\000v\000e\000\040\000m\000u\000l\000t\000i\000f\000u\000n\000c\000t\000o\000r\000s\000\040\000b\000e\000t\000w\000e\000e\000n\000\040\000a\000b\000e\000l\000i\000a\000n\000\040\000c\000a\000t\000e\000g\000o\000r\000i\000e\000s}{subsection.10.5}% 99
\BOOKMARK [2][-]{subsection.10.6}{\376\377\0001\0000\000.\0006\000.\000\040\000K\000-\000f\000l\000a\000t\000\040\000r\000e\000s\000o\000l\000u\000t\000i\000o\000n\000s\000\040\000o\000f\000\040\000c\000h\000a\000i\000n\000\040\000c\000o\000m\000p\000l\000e\000x\000e\000s\000\040\000w\000i\000t\000h\000\040\000r\000e\000s\000p\000e\000c\000t\000\040\000t\000o\000\040\000b\000i\000-\000a\000d\000d\000i\000t\000i\000v\000e\000\040\000f\000u\000n\000c\000t\000o\000r\000s}{section.10}% 100
\BOOKMARK [2][-]{subsection.10.7}{\376\377\0001\0000\000.\0007\000.\000\040\000G\000e\000n\000e\000r\000a\000l\000\040\000c\000o\000n\000d\000i\000t\000i\000o\000n\000s\000\040\000f\000o\000r\000\040\000d\000e\000f\000i\000n\000i\000n\000g\000\040\000d\000e\000r\000i\000v\000e\000d\000\040\000f\000u\000n\000c\000t\000o\000r\000s}{section.10}% 101
\BOOKMARK [3][-]{subsubsection.10.7.1}{\376\377\0001\0000\000.\0007\000.\0001\000.\000\040\000A\000d\000j\000u\000n\000c\000t\000i\000o\000n\000\040\000o\000f\000\040\000d\000e\000r\000i\000v\000e\000d\000\040\000f\000u\000n\000c\000t\000o\000r\000s\000\040\000o\000f\000\040\000a\000d\000j\000o\000i\000n\000t\000\040\000f\000u\000n\000c\000t\000o\000r\000s}{subsection.10.7}% 102
\BOOKMARK [2][-]{subsection.10.8}{\376\377\0001\0000\000.\0008\000.\000\040\000H\000a\000v\000i\000n\000g\000\040\000e\000n\000o\000u\000g\000h\000\040\000K\000-\000i\000n\000j\000e\000c\000t\000i\000v\000e\000s\000\040\000a\000n\000d\000\040\000f\000l\000a\000t\000s\000\040\000f\000o\000r\000\040\000s\000h\000e\000a\000v\000e\000s\000\040\000o\000f\000\040\000m\000o\000d\000u\000l\000e\000s}{section.10}% 103
\BOOKMARK [2][-]{subsection.10.9}{\376\377\0001\0000\000.\0009\000.\000\040\000D\000e\000f\000i\000n\000i\000t\000i\000o\000n\000s\000\040\000o\000f\000\040\000d\000e\000r\000i\000v\000e\000d\000\040\000f\000u\000n\000c\000t\000o\000r\000s\000\040\000f\000o\000r\000\040\000m\000o\000d\000u\000l\000e\000s\000\040\000o\000f\000\040\000r\000i\000n\000g\000e\000d\000\040\000s\000i\000t\000e\000s}{section.10}% 104
\BOOKMARK [1][-]{section.11}{\376\377\0001\0001\000.\000\040\000A\000s\000s\000i\000g\000n\000m\000e\000n\000t\000\040\0001\000:\000\040\000D\000u\000e\000\040\000F\000r\000i\000d\000a\000y\000,\000\040\000J\000a\000n\000\040\0002\0003}{}% 105
\BOOKMARK [1][-]{section.12}{\376\377\0001\0002\000.\000\040\000A\000s\000s\000i\000g\000n\000m\000e\000n\000t\000\040\0002\000:\000\040\000D\000u\000e\000\040\000F\000e\000b\000\040\0006}{}% 106
\BOOKMARK [1][-]{section.13}{\376\377\0001\0003\000.\000\040\000A\000s\000s\000i\000g\000n\000m\000e\000n\000t\000\040\0003\000:\000\040\000D\000u\000e\000\040\000F\000e\000b\000\040\0002\0000}{}% 107
\BOOKMARK [1][-]{section.14}{\376\377\0001\0004\000.\000\040\000A\000s\000s\000i\000g\000n\000m\000e\000n\000t\000\040\0004\000:\000\040\000D\000u\000e\000\040\000M\000a\000r\000\040\0006}{}% 108
\BOOKMARK [1][-]{section.15}{\376\377\0001\0005\000.\000\040\000A\000s\000s\000i\000g\000n\000m\000e\000n\000t\000\040\0005\000:\000\040\000D\000u\000e\000\040\000M\000a\000r\000\040\0002\0007}{}% 109
\BOOKMARK [1][-]{section.16}{\376\377\0001\0006\000.\000\040\000A\000s\000s\000i\000g\000n\000m\000e\000n\000t\000\040\0006\000:\000\040\000D\000u\000e\000\040\000A\000p\000r\000\040\0001\0000}{}% 110
\BOOKMARK [1][-]{appendix.A}{\376\377\000A\000p\000p\000e\000n\000d\000i\000x\000\040\000A\000.\000\040}{}% 111
\BOOKMARK [1][-]{appendix.B}{\376\377\000A\000p\000p\000e\000n\000d\000i\000x\000\040\000B\000.\000\040\000G\000r\000o\000t\000h\000e\000n\000d\000i\000e\000c\000k\000\040\000t\000o\000p\000o\000l\000o\000g\000i\000e\000s}{}% 112
\BOOKMARK [1][-]{appendix.C}{\376\377\000A\000p\000p\000e\000n\000d\000i\000x\000\040\000C\000.\000\040\000M\000i\000s\000c\000e\000l\000l\000a\000n\000e\000o\000u\000s\000\040\000d\000e\000f\000i\000n\000i\000t\000i\000o\000n\000s}{}% 113
\BOOKMARK [1][-]{section*.2}{\376\377\000R\000e\000f\000e\000r\000e\000n\000c\000e\000s}{}% 114
