This is pdfTeX, Version 3.141592653-2.6-1.40.29 (MiKTeX 26.2) (preloaded format=pdflatex 2026.5.1)  29 MAY 2026 08:51
entering extended mode
 restricted \write18 enabled.
 file:line:error style messages enabled.
 %&-line parsing enabled.
**c:/Users/hyunj/Documents/Obsidian/Chores/math/_writing/AbstractAlgebra/AbstractAlgebra.tex
(c:/Users/hyunj/Documents/Obsidian/Chores/math/_writing/AbstractAlgebra/AbstractAlgebra.tex
LaTeX2e <2025-11-01>
L3 programming layer <2026-03-20>
(../_macros/macros.tex (C:\Users\hyunj\AppData\Local\Programs\MiKTeX\tex/latex/amscls\amsart.cls
Document Class: amsart 2020/05/29 v2.20.6
\linespacing=\dimen150
\normalparindent=\dimen151
\normaltopskip=\skip49
(C:\Users\hyunj\AppData\Local\Programs\MiKTeX\tex/latex/amsmath\amsmath.sty
Package: amsmath 2025/07/09 v2.17z AMS math features
\@mathmargin=\skip50

For additional information on amsmath, use the `?' option.
(C:\Users\hyunj\AppData\Local\Programs\MiKTeX\tex/latex/amsmath\amstext.sty
Package: amstext 2024/11/17 v2.01 AMS text
 (C:\Users\hyunj\AppData\Local\Programs\MiKTeX\tex/latex/amsmath\amsgen.sty
File: amsgen.sty 1999/11/30 v2.0 generic functions
\@emptytoks=\toks17
\ex@=\dimen152
)) (C:\Users\hyunj\AppData\Local\Programs\MiKTeX\tex/latex/amsmath\amsbsy.sty
Package: amsbsy 1999/11/29 v1.2d Bold Symbols
\pmbraise@=\dimen153
) (C:\Users\hyunj\AppData\Local\Programs\MiKTeX\tex/latex/amsmath\amsopn.sty
Package: amsopn 2022/04/08 v2.04 operator names
)
\inf@bad=\count275
LaTeX Info: Redefining \frac on input line 233.
\uproot@=\count276
\leftroot@=\count277
LaTeX Info: Redefining \overline on input line 398.
LaTeX Info: Redefining \colon on input line 409.
\classnum@=\count278
\DOTSCASE@=\count279
LaTeX Info: Redefining \ldots on input line 495.
LaTeX Info: Redefining \dots on input line 498.
LaTeX Info: Redefining \cdots on input line 619.
\Mathstrutbox@=\box53
\strutbox@=\box54
LaTeX Info: Redefining \big on input line 721.
LaTeX Info: Redefining \Big on input line 722.
LaTeX Info: Redefining \bigg on input line 723.
LaTeX Info: Redefining \Bigg on input line 724.
\big@size=\dimen154
LaTeX Font Info:    Redeclaring font encoding OML on input line 742.
LaTeX Font Info:    Redeclaring font encoding OMS on input line 743.
\macc@depth=\count280
LaTeX Info: Redefining \bmod on input line 904.
LaTeX Info: Redefining \pmod on input line 909.
LaTeX Info: Redefining \smash on input line 939.
LaTeX Info: Redefining \relbar on input line 969.
LaTeX Info: Redefining \Relbar on input line 970.
\c@MaxMatrixCols=\count281
\dotsspace@=\muskip17
\c@parentequation=\count282
\dspbrk@lvl=\count283
\tag@help=\toks18
\row@=\count284
\column@=\count285
\maxfields@=\count286
\andhelp@=\toks19
\eqnshift@=\dimen155
\alignsep@=\dimen156
\tagshift@=\dimen157
\tagwidth@=\dimen158
\totwidth@=\dimen159
\lineht@=\dimen160
\@envbody=\toks20
\multlinegap=\skip51
\multlinetaggap=\skip52
\mathdisplay@stack=\toks21
LaTeX Info: Redefining \[ on input line 2950.
LaTeX Info: Redefining \] on input line 2951.
)
LaTeX Font Info:    Trying to load font information for U+msa on input line 397.
 (C:\Users\hyunj\AppData\Local\Programs\MiKTeX\tex/latex/amsfonts\umsa.fd
File: umsa.fd 2013/01/14 v3.01 AMS symbols A
) (C:\Users\hyunj\AppData\Local\Programs\MiKTeX\tex/latex/amsfonts\amsfonts.sty
Package: amsfonts 2013/01/14 v3.01 Basic AMSFonts support
\symAMSa=\mathgroup4
\symAMSb=\mathgroup5
LaTeX Font Info:    Redeclaring math symbol \hbar on input line 98.
LaTeX Font Info:    Overwriting math alphabet `\mathfrak' in version `bold'
(Font)                  U/euf/m/n --> U/euf/b/n on input line 106.
)
\copyins=\insert252
\abstractbox=\box55
\listisep=\skip53
\c@part=\count287
\c@section=\count288
\c@subsection=\count289
\c@subsubsection=\count290
\c@paragraph=\count291
\c@subparagraph=\count292
\c@figure=\count293
\c@table=\count294
\abovecaptionskip=\skip54
\belowcaptionskip=\skip55
\captionindent=\dimen161
\thm@style=\toks22
\thm@bodyfont=\toks23
\thm@headfont=\toks24
\thm@notefont=\toks25
\thm@headpunct=\toks26
\thm@preskip=\skip56
\thm@postskip=\skip57
\thm@headsep=\skip58
\dth@everypar=\toks27
)
LaTeX Info: Redefining \markboth on input line 3.
 (C:\Users\hyunj\AppData\Local\Programs\MiKTeX\tex/latex/tools\bm.sty
Package: bm 2025/10/21 v1.2g Bold Symbol Support (DPC/FMi)
\symboldoperators=\mathgroup6
\symboldletters=\mathgroup7
\symboldsymbols=\mathgroup8
Package bm Info: No bold for \OMX/cmex/m/n, using \pmb.
Package bm Info: No bold for \U/msa/m/n, using \pmb.
Package bm Info: No bold for \U/msb/m/n, using \pmb.
LaTeX Font Info:    Redeclaring math alphabet \mathbf on input line 149.
) (C:\Users\hyunj\AppData\Local\Programs\MiKTeX\tex/latex/amsfonts\amssymb.sty
Package: amssymb 2013/01/14 v3.01 AMS font symbols
) (C:\Users\hyunj\AppData\Local\Programs\MiKTeX\tex/latex/amsmath\amscd.sty
Package: amscd 2017/04/14 v2.1 AMS Commutative Diagrams
\athelp@=\toks28
\minaw@=\dimen162
\bigaw@=\dimen163
\minCDarrowwidth=\dimen164
) (C:\Users\hyunj\AppData\Local\Programs\MiKTeX\tex/latex/aliascnt\aliascnt.sty
Package: aliascnt 2026-03-08 v1.7 Alias counters (HO)
) (C:\Users\hyunj\AppData\Local\Programs\MiKTeX\tex/latex/hyperref\hyperref.sty
Package: hyperref 2026-04-24 v7.01q Hypertext links for LaTeX
 (C:\Users\hyunj\AppData\Local\Programs\MiKTeX\tex/generic/iftex\iftex.sty
Package: iftex 2024/12/12 v1.0g TeX engine tests
) (C:\Users\hyunj\AppData\Local\Programs\MiKTeX\tex/latex/graphics\keyval.sty
Package: keyval 2022/05/29 v1.15 key=value parser (DPC)
\KV@toks@=\toks29
) (C:\Users\hyunj\AppData\Local\Programs\MiKTeX\tex/latex/kvsetkeys\kvsetkeys.sty
Package: kvsetkeys 2022-10-05 v1.19 Key value parser (HO)
) (C:\Users\hyunj\AppData\Local\Programs\MiKTeX\tex/generic/kvdefinekeys\kvdefinekeys.sty
Package: kvdefinekeys 2019-12-19 v1.6 Define keys (HO)
) (C:\Users\hyunj\AppData\Local\Programs\MiKTeX\tex/generic/pdfescape\pdfescape.sty
Package: pdfescape 2019/12/09 v1.15 Implements pdfTeX's escape features (HO)
 (C:\Users\hyunj\AppData\Local\Programs\MiKTeX\tex/generic/ltxcmds\ltxcmds.sty
Package: ltxcmds 2023-12-04 v1.26 LaTeX kernel commands for general use (HO)
) (C:\Users\hyunj\AppData\Local\Programs\MiKTeX\tex/generic/pdftexcmds\pdftexcmds.sty
Package: pdftexcmds 2020-06-27 v0.33 Utility functions of pdfTeX for LuaTeX (HO)
 (C:\Users\hyunj\AppData\Local\Programs\MiKTeX\tex/generic/infwarerr\infwarerr.sty
Package: infwarerr 2019/12/03 v1.5 Providing info/warning/error messages (HO)
)
Package pdftexcmds Info: \pdf@primitive is available.
Package pdftexcmds Info: \pdf@ifprimitive is available.
Package pdftexcmds Info: \pdfdraftmode found.
)) (C:\Users\hyunj\AppData\Local\Programs\MiKTeX\tex/latex/hycolor\hycolor.sty
Package: hycolor 2020-01-27 v1.10 Color options for hyperref/bookmark (HO)
) (C:\Users\hyunj\AppData\Local\Programs\MiKTeX\tex/latex/hyperref\nameref.sty
Package: nameref 2026-01-29 v2.58 Cross-referencing by name of section
 (C:\Users\hyunj\AppData\Local\Programs\MiKTeX\tex/latex/refcount\refcount.sty
Package: refcount 2019/12/15 v3.6 Data extraction from label references (HO)
) (C:\Users\hyunj\AppData\Local\Programs\MiKTeX\tex/generic/gettitlestring\gettitlestring.sty
Package: gettitlestring 2019/12/15 v1.6 Cleanup title references (HO)
 (C:\Users\hyunj\AppData\Local\Programs\MiKTeX\tex/latex/kvoptions\kvoptions.sty
Package: kvoptions 2022-06-15 v3.15 Key value format for package options (HO)
))
\c@section@level=\count295
) (C:\Users\hyunj\AppData\Local\Programs\MiKTeX\tex/latex/etoolbox\etoolbox.sty
Package: etoolbox 2025/10/02 v2.5m e-TeX tools for LaTeX (JAW)
\etb@tempcnta=\count296
) (C:\Users\hyunj\AppData\Local\Programs\MiKTeX\tex/generic/stringenc\stringenc.sty
Package: stringenc 2019/11/29 v1.12 Convert strings between diff. encodings (HO)
)
\@linkdim=\dimen165
\Hy@linkcounter=\count297
\Hy@pagecounter=\count298
 (C:\Users\hyunj\AppData\Local\Programs\MiKTeX\tex/latex/hyperref\pd1enc.def
File: pd1enc.def 2026-04-24 v7.01q Hyperref: PDFDocEncoding definition (HO)
Now handling font encoding PD1 ...
... no UTF-8 mapping file for font encoding PD1
) (C:\Users\hyunj\AppData\Local\Programs\MiKTeX\tex/generic/intcalc\intcalc.sty
Package: intcalc 2019/12/15 v1.3 Expandable calculations with integers (HO)
)
\Hy@SavedSpaceFactor=\count299
 (C:\Users\hyunj\AppData\Local\Programs\MiKTeX\tex/latex/hyperref\puenc.def
File: puenc.def 2026-04-24 v7.01q Hyperref: PDF Unicode definition (HO)
Now handling font encoding PU ...
... no UTF-8 mapping file for font encoding PU
)
Package hyperref Info: Hyper figures OFF on input line 4199.
Package hyperref Info: Link nesting OFF on input line 4204.
Package hyperref Info: Hyper index ON on input line 4207.
Package hyperref Info: Plain pages OFF on input line 4214.
Package hyperref Info: Backreferencing OFF on input line 4219.
Package hyperref Info: Implicit mode ON; LaTeX internals redefined.
Package hyperref Info: Bookmarks ON on input line 4466.
\c@Hy@tempcnt=\count300
 (C:\Users\hyunj\AppData\Local\Programs\MiKTeX\tex/latex/url\url.sty
\Urlmuskip=\muskip18
Package: url 2013/09/16  ver 3.4  Verb mode for urls, etc.
)
LaTeX Info: Redefining \url on input line 4805.
\XeTeXLinkMargin=\dimen166
 (C:\Users\hyunj\AppData\Local\Programs\MiKTeX\tex/generic/bitset\bitset.sty
Package: bitset 2019/12/09 v1.3 Handle bit-vector datatype (HO)
 (C:\Users\hyunj\AppData\Local\Programs\MiKTeX\tex/generic/bigintcalc\bigintcalc.sty
Package: bigintcalc 2019/12/15 v1.5 Expandable calculations on big integers (HO)
))
\Fld@menulength=\count301
\Field@Width=\dimen167
\Fld@charsize=\dimen168
Package hyperref Info: Hyper figures OFF on input line 6091.
Package hyperref Info: Link nesting OFF on input line 6096.
Package hyperref Info: Hyper index ON on input line 6099.
Package hyperref Info: backreferencing OFF on input line 6106.
Package hyperref Info: Link coloring OFF on input line 6111.
Package hyperref Info: Link coloring with OCG OFF on input line 6116.
Package hyperref Info: PDF/A mode OFF on input line 6121.
\Hy@abspage=\count302
\c@Item=\count303
\c@Hfootnote=\count304
)
Package hyperref Info: Driver (autodetected): hpdftex.
 (C:\Users\hyunj\AppData\Local\Programs\MiKTeX\tex/latex/hyperref\hpdftex.def
File: hpdftex.def 2026-04-24 v7.01q Hyperref driver for pdfTeX
\Fld@listcount=\count305
\c@bookmark@seq@number=\count306
 (C:\Users\hyunj\AppData\Local\Programs\MiKTeX\tex/latex/rerunfilecheck\rerunfilecheck.sty
Package: rerunfilecheck 2025-06-21 v1.11 Rerun checks for auxiliary files (HO)
 (C:\Users\hyunj\AppData\Local\Programs\MiKTeX\tex/generic/uniquecounter\uniquecounter.sty
Package: uniquecounter 2019/12/15 v1.4 Provide unlimited unique counter (HO)
)
Package uniquecounter Info: New unique counter `rerunfilecheck' on input line 284.
)
\Hy@SectionHShift=\skip59
) (C:\Users\hyunj\AppData\Local\Programs\MiKTeX\tex/latex/cleveref\cleveref.sty
Package: cleveref 2018/03/27 v0.21.4 Intelligent cross-referencing
Package cleveref Info: `hyperref' support loaded on input line 2370.
LaTeX Info: Redefining \cref on input line 2370.
LaTeX Info: Redefining \Cref on input line 2370.
LaTeX Info: Redefining \crefrange on input line 2370.
LaTeX Info: Redefining \Crefrange on input line 2370.
LaTeX Info: Redefining \cpageref on input line 2370.
LaTeX Info: Redefining \Cpageref on input line 2370.
LaTeX Info: Redefining \cpagerefrange on input line 2370.
LaTeX Info: Redefining \Cpagerefrange on input line 2370.
LaTeX Info: Redefining \labelcref on input line 2370.
LaTeX Info: Redefining \labelcpageref on input line 2370.
Package cleveref Info: `amsthm' support loaded on input line 3026.
Package cleveref Info: `aliascnt' support loaded on input line 3193.
)
==> First Aid for cleveref.sty applied!
(C:\Users\hyunj\AppData\Local\Programs\MiKTeX\tex/latex/preprint\fullpage.sty
Package: fullpage 1999/02/23 1.1 (PWD)
\FP@margin=\skip60
) (C:\Users\hyunj\AppData\Local\Programs\MiKTeX\tex/latex/enumitem\enumitem.sty
Package: enumitem 2025/02/06 v3.11 Customized lists
\labelindent=\skip61
\enit@outerparindent=\dimen169
\enit@toks=\toks30
\enit@inbox=\box56
\enit@count@id=\count307
\enitdp@description=\count308
) (C:\Users\hyunj\AppData\Local\Programs\MiKTeX\tex/latex/units\units.sty
Package: units 1998/08/04 v0.9b Typesetting units
 (C:\Users\hyunj\AppData\Local\Programs\MiKTeX\tex/latex/base\ifthen.sty
Package: ifthen 2024/03/16 v1.1e Standard LaTeX ifthen package (DPC)
) (C:\Users\hyunj\AppData\Local\Programs\MiKTeX\tex/latex/units\nicefrac.sty
Package: nicefrac 1998/08/04 v0.9b Nice fractions
\L@UnitsRaiseDisplaystyle=\skip62
\L@UnitsRaiseTextstyle=\skip63
\L@UnitsRaiseScriptstyle=\skip64
)) (C:\Users\hyunj\AppData\Local\Programs\MiKTeX\tex/generic/xypic\xy.sty (C:\Users\hyunj\AppData\Local\Programs\MiKTeX\tex/generic/xypic\xy.tex Bootstrap'ing: catcodes, docmode, (C:\Users\hyunj\AppData\Local\Programs\MiKTeX\tex/generic/xypic\xyrecat.tex) (C:\Users\hyunj\AppData\Local\Programs\MiKTeX\tex/generic/xypic\xyidioms.tex)

 Xy-pic version 3.8.9 <2013/10/06>
 Copyright (c) 1991-2013 by Kristoffer H. Rose <krisrose@tug.org> and others
 Xy-pic is free software: see the User's Guide for details.

Loading kernel: messages; fonts; allocations: state,
\X@c=\dimen170
\Y@c=\dimen171
\U@c=\dimen172
\D@c=\dimen173
\L@c=\dimen174
\R@c=\dimen175
\Edge@c=\toks31
\X@p=\dimen176
\Y@p=\dimen177
\U@p=\dimen178
\D@p=\dimen179
\L@p=\dimen180
\R@p=\dimen181
\Edge@p=\toks32
\X@origin=\dimen182
\Y@origin=\dimen183
\X@xbase=\dimen184
\Y@xbase=\dimen185
\X@ybase=\dimen186
\Y@ybase=\dimen187
\X@min=\dimen188
\Y@min=\dimen189
\X@max=\dimen190
\Y@max=\dimen191
\lastobjectbox@=\box57
\zerodotbox@=\box58
\almostz@=\dimen192
 direction,
\d@X=\dimen193
\d@Y=\dimen194
\K@=\count309
\KK@=\count310
\Direction=\count311
\K@dXdY=\dimen195
\K@dYdX=\dimen196
\xyread@=\read2
\xywrite@=\write3
\csp@=\count312
\quotPTK@=\dimen197
 utility macros; pictures: \xy, positions,
\swaptoks@@=\toks33
\connectobjectbox@@=\box59
 objects,
\styletoks@=\toks34
 decorations; kernel objects: directionals, circles, text; options; algorithms: directions, edges, connections;  Xy-pic loaded) (C:\Users\hyunj\AppData\Local\Programs\MiKTeX\tex/generic/iftex\ifpdf.sty
Package: ifpdf 2019/10/25 v3.4 ifpdf legacy package. Use iftex instead.
)
Package: xy 2013/10/06 Xy-pic version 3.8.9
 (C:\Users\hyunj\AppData\Local\Programs\MiKTeX\tex/generic/xypic\xyall.tex  Xy-pic option: All features v.3.8 (C:\Users\hyunj\AppData\Local\Programs\MiKTeX\tex/generic/xypic\xycurve.tex  Xy-pic option: Curve and Spline extension v.3.12 curve,
\crv@cnt@=\count313
\crvpts@=\toks35
\splinebox@=\box60
\splineval@=\dimen198
\splinedepth@=\dimen199
\splinetol@=\dimen256
\splinelength@=\dimen257
 circles,
\L@=\dimen258
 loaded) (C:\Users\hyunj\AppData\Local\Programs\MiKTeX\tex/generic/xypic\xyframe.tex  Xy-pic option: Frame and Bracket extension v.3.14 loaded) (C:\Users\hyunj\AppData\Local\Programs\MiKTeX\tex/generic/xypic\xycmtip.tex  Xy-pic option: Computer Modern tip extension v.3.7 (C:\Users\hyunj\AppData\Local\Programs\MiKTeX\tex/generic/xypic\xytips.tex  Xy-pic option: More Tips extension v.3.11 loaded) loaded) (C:\Users\hyunj\AppData\Local\Programs\MiKTeX\tex/generic/xypic\xyline.tex  Xy-pic option: Line styles extension v.3.10
\xylinethick@=\dimen259
 loaded) (C:\Users\hyunj\AppData\Local\Programs\MiKTeX\tex/generic/xypic\xyrotate.tex  Xy-pic option: Rotate and Scale extension v.3.8 loaded) (C:\Users\hyunj\AppData\Local\Programs\MiKTeX\tex/generic/xypic\xycolor.tex  Xy-pic option: Colour extension v.3.11 loaded) (C:\Users\hyunj\AppData\Local\Programs\MiKTeX\tex/generic/xypic\xymatrix.tex  Xy-pic option: Matrix feature v.3.14
\Row=\count314
\Col=\count315
\queue@=\toks36
\queue@@=\toks37
\qcount@=\count316
\qcount@@=\count317
\matrixsize@=\count318
 loaded) (C:\Users\hyunj\AppData\Local\Programs\MiKTeX\tex/generic/xypic\xyarrow.tex  Xy-pic option: Arrow and Path feature v.3.9 path, \ar, loaded) (C:\Users\hyunj\AppData\Local\Programs\MiKTeX\tex/generic/xypic\xygraph.tex  Xy-pic option: Graph feature v.3.11 loaded) loaded) (C:\Users\hyunj\AppData\Local\Programs\MiKTeX\tex/generic/xypic\xypdf.tex  Xy-pic option: PDF driver v.1.7 Xy-pic pdf driver: `color' extension support (C:\Users\hyunj\AppData\Local\Programs\MiKTeX\tex/generic/xypic\xypdf-co.tex loaded) Xy-pic pdf driver: `curve' extension support (C:\Users\hyunj\AppData\Local\Programs\MiKTeX\tex/generic/xypic\xypdf-cu.tex loaded) Xy-pic pdf driver: `frame' extension support (C:\Users\hyunj\AppData\Local\Programs\MiKTeX\tex/generic/xypic\xypdf-fr.tex loaded) Xy-pic pdf driver: `line' extension support (C:\Users\hyunj\AppData\Local\Programs\MiKTeX\tex/generic/xypic\xypdf-li.tex loaded) Xy-pic pdf driver: `rotate' extension support (C:\Users\hyunj\AppData\Local\Programs\MiKTeX\tex/generic/xypic\xypdf-ro.tex loaded) loaded)) (C:\Users\hyunj\AppData\Local\Programs\MiKTeX\tex/latex/xcolor\xcolor.sty
Package: xcolor 2024/09/29 v3.02 LaTeX color extensions (UK)
 (C:\Users\hyunj\AppData\Local\Programs\MiKTeX\tex/latex/graphics-cfg\color.cfg
File: color.cfg 2016/01/02 v1.6 sample color configuration
)
Package xcolor Info: Driver file: pdftex.def on input line 274.
 (C:\Users\hyunj\AppData\Local\Programs\MiKTeX\tex/latex/graphics-def\pdftex.def
File: pdftex.def 2025/09/29 v1.2d Graphics/color driver for pdftex
) (C:\Users\hyunj\AppData\Local\Programs\MiKTeX\tex/latex/graphics\mathcolor.ltx)
Package xcolor Info: Model `cmy' substituted by `cmy0' on input line 1349.
Package xcolor Info: Model `hsb' substituted by `rgb' on input line 1353.
Package xcolor Info: Model `RGB' extended on input line 1365.
Package xcolor Info: Model `HTML' substituted by `rgb' on input line 1367.
Package xcolor Info: Model `Hsb' substituted by `hsb' on input line 1368.
Package xcolor Info: Model `tHsb' substituted by `hsb' on input line 1369.
Package xcolor Info: Model `HSB' substituted by `hsb' on input line 1370.
Package xcolor Info: Model `Gray' substituted by `gray' on input line 1371.
Package xcolor Info: Model `wave' substituted by `hsb' on input line 1372.
) (C:\Users\hyunj\AppData\Local\Programs\MiKTeX\tex/latex/jknappen\mathrsfs.sty
Package: mathrsfs 1996/01/01 Math RSFS package v1.0 (jk)
\symrsfs=\mathgroup9
) (C:\Users\hyunj\AppData\Local\Programs\MiKTeX\tex/latex/tikz-cd\tikz-cd.sty
Package: tikz-cd 2021/05/04 v1.0 Commutative diagrams with TikZ
 (C:\Users\hyunj\AppData\Local\Programs\MiKTeX\tex/latex/pgf/frontendlayer\tikz.sty (C:\Users\hyunj\AppData\Local\Programs\MiKTeX\tex/latex/pgf/basiclayer\pgf.sty (C:\Users\hyunj\AppData\Local\Programs\MiKTeX\tex/latex/pgf/utilities\pgfrcs.sty (C:\Users\hyunj\AppData\Local\Programs\MiKTeX\tex/generic/pgf/utilities\pgfutil-common.tex
\pgfutil@everybye=\toks38
\pgfutil@tempdima=\dimen260
\pgfutil@tempdimb=\dimen261
) (C:\Users\hyunj\AppData\Local\Programs\MiKTeX\tex/generic/pgf/utilities\pgfutil-latex.def
\pgfutil@abb=\box61
) (C:\Users\hyunj\AppData\Local\Programs\MiKTeX\tex/generic/pgf/utilities\pgfrcs.code.tex (C:\Users\hyunj\AppData\Local\Programs\MiKTeX\tex/generic/pgf\pgf.revision.tex)
Package: pgfrcs 2025-08-29 v3.1.11a (3.1.11a)
))
Package: pgf 2025-08-29 v3.1.11a (3.1.11a)
 (C:\Users\hyunj\AppData\Local\Programs\MiKTeX\tex/latex/pgf/basiclayer\pgfcore.sty (C:\Users\hyunj\AppData\Local\Programs\MiKTeX\tex/latex/graphics\graphicx.sty
Package: graphicx 2024/12/31 v1.2e Enhanced LaTeX Graphics (DPC,SPQR)
 (C:\Users\hyunj\AppData\Local\Programs\MiKTeX\tex/latex/graphics\graphics.sty
Package: graphics 2024/08/06 v1.4g Standard LaTeX Graphics (DPC,SPQR)
 (C:\Users\hyunj\AppData\Local\Programs\MiKTeX\tex/latex/graphics\trig.sty
Package: trig 2023/12/02 v1.11 sin cos tan (DPC)
) (C:\Users\hyunj\AppData\Local\Programs\MiKTeX\tex/latex/graphics-cfg\graphics.cfg
File: graphics.cfg 2016/06/04 v1.11 sample graphics configuration
)
Package graphics Info: Driver file: pdftex.def on input line 106.
)
\Gin@req@height=\dimen262
\Gin@req@width=\dimen263
) (C:\Users\hyunj\AppData\Local\Programs\MiKTeX\tex/latex/pgf/systemlayer\pgfsys.sty (C:\Users\hyunj\AppData\Local\Programs\MiKTeX\tex/generic/pgf/systemlayer\pgfsys.code.tex
Package: pgfsys 2025-08-29 v3.1.11a (3.1.11a)
 (C:\Users\hyunj\AppData\Local\Programs\MiKTeX\tex/generic/pgf/utilities\pgfkeys.code.tex
\pgfkeys@pathtoks=\toks39
\pgfkeys@temptoks=\toks40
 (C:\Users\hyunj\AppData\Local\Programs\MiKTeX\tex/generic/pgf/utilities\pgfkeyslibraryfiltered.code.tex
\pgfkeys@tmptoks=\toks41
))
\pgf@x=\dimen264
\pgf@y=\dimen265
\pgf@xa=\dimen266
\pgf@ya=\dimen267
\pgf@xb=\dimen268
\pgf@yb=\dimen269
\pgf@xc=\dimen270
\pgf@yc=\dimen271
\pgf@xd=\dimen272
\pgf@yd=\dimen273
\w@pgf@writea=\write4
\r@pgf@reada=\read3
\c@pgf@counta=\count319
\c@pgf@countb=\count320
\c@pgf@countc=\count321
\c@pgf@countd=\count322
\t@pgf@toka=\toks42
\t@pgf@tokb=\toks43
\t@pgf@tokc=\toks44
\pgf@sys@id@count=\count323
 (C:\Users\hyunj\AppData\Local\Programs\MiKTeX\tex/generic/pgf/systemlayer\pgf.cfg
File: pgf.cfg 2025-08-29 v3.1.11a (3.1.11a)
)
Driver file for pgf: pgfsys-pdftex.def
 (C:\Users\hyunj\AppData\Local\Programs\MiKTeX\tex/generic/pgf/systemlayer\pgfsys-pdftex.def
File: pgfsys-pdftex.def 2025-08-29 v3.1.11a (3.1.11a)
 (C:\Users\hyunj\AppData\Local\Programs\MiKTeX\tex/generic/pgf/systemlayer\pgfsys-common-pdf.def
File: pgfsys-common-pdf.def 2025-08-29 v3.1.11a (3.1.11a)
))) (C:\Users\hyunj\AppData\Local\Programs\MiKTeX\tex/generic/pgf/systemlayer\pgfsyssoftpath.code.tex
File: pgfsyssoftpath.code.tex 2025-08-29 v3.1.11a (3.1.11a)
\pgfsyssoftpath@smallbuffer@items=\count324
\pgfsyssoftpath@bigbuffer@items=\count325
) (C:\Users\hyunj\AppData\Local\Programs\MiKTeX\tex/generic/pgf/systemlayer\pgfsysprotocol.code.tex
File: pgfsysprotocol.code.tex 2025-08-29 v3.1.11a (3.1.11a)
)) (C:\Users\hyunj\AppData\Local\Programs\MiKTeX\tex/generic/pgf/basiclayer\pgfcore.code.tex
Package: pgfcore 2025-08-29 v3.1.11a (3.1.11a)
 (C:\Users\hyunj\AppData\Local\Programs\MiKTeX\tex/generic/pgf/math\pgfmath.code.tex (C:\Users\hyunj\AppData\Local\Programs\MiKTeX\tex/generic/pgf/math\pgfmathutil.code.tex) (C:\Users\hyunj\AppData\Local\Programs\MiKTeX\tex/generic/pgf/math\pgfmathparser.code.tex
\pgfmath@dimen=\dimen274
\pgfmath@count=\count326
\pgfmath@box=\box62
\pgfmath@toks=\toks45
\pgfmath@stack@operand=\toks46
\pgfmath@stack@operation=\toks47
) (C:\Users\hyunj\AppData\Local\Programs\MiKTeX\tex/generic/pgf/math\pgfmathfunctions.code.tex) (C:\Users\hyunj\AppData\Local\Programs\MiKTeX\tex/generic/pgf/math\pgfmathfunctions.basic.code.tex) (C:\Users\hyunj\AppData\Local\Programs\MiKTeX\tex/generic/pgf/math\pgfmathfunctions.trigonometric.code.tex) (C:\Users\hyunj\AppData\Local\Programs\MiKTeX\tex/generic/pgf/math\pgfmathfunctions.random.code.tex) (C:\Users\hyunj\AppData\Local\Programs\MiKTeX\tex/generic/pgf/math\pgfmathfunctions.comparison.code.tex) (C:\Users\hyunj\AppData\Local\Programs\MiKTeX\tex/generic/pgf/math\pgfmathfunctions.base.code.tex) (C:\Users\hyunj\AppData\Local\Programs\MiKTeX\tex/generic/pgf/math\pgfmathfunctions.round.code.tex) (C:\Users\hyunj\AppData\Local\Programs\MiKTeX\tex/generic/pgf/math\pgfmathfunctions.misc.code.tex) (C:\Users\hyunj\AppData\Local\Programs\MiKTeX\tex/generic/pgf/math\pgfmathfunctions.integerarithmetics.code.tex) (C:\Users\hyunj\AppData\Local\Programs\MiKTeX\tex/generic/pgf/math\pgfmathcalc.code.tex) (C:\Users\hyunj\AppData\Local\Programs\MiKTeX\tex/generic/pgf/math\pgfmathfloat.code.tex
\c@pgfmathroundto@lastzeros=\count327
)) (C:\Users\hyunj\AppData\Local\Programs\MiKTeX\tex/generic/pgf/math\pgfint.code.tex) (C:\Users\hyunj\AppData\Local\Programs\MiKTeX\tex/generic/pgf/basiclayer\pgfcorepoints.code.tex
File: pgfcorepoints.code.tex 2025-08-29 v3.1.11a (3.1.11a)
\pgf@picminx=\dimen275
\pgf@picmaxx=\dimen276
\pgf@picminy=\dimen277
\pgf@picmaxy=\dimen278
\pgf@pathminx=\dimen279
\pgf@pathmaxx=\dimen280
\pgf@pathminy=\dimen281
\pgf@pathmaxy=\dimen282
\pgf@xx=\dimen283
\pgf@xy=\dimen284
\pgf@yx=\dimen285
\pgf@yy=\dimen286
\pgf@zx=\dimen287
\pgf@zy=\dimen288
) (C:\Users\hyunj\AppData\Local\Programs\MiKTeX\tex/generic/pgf/basiclayer\pgfcorepathconstruct.code.tex
File: pgfcorepathconstruct.code.tex 2025-08-29 v3.1.11a (3.1.11a)
\pgf@path@lastx=\dimen289
\pgf@path@lasty=\dimen290
) (C:\Users\hyunj\AppData\Local\Programs\MiKTeX\tex/generic/pgf/basiclayer\pgfcorepathusage.code.tex
File: pgfcorepathusage.code.tex 2025-08-29 v3.1.11a (3.1.11a)
\pgf@shorten@end@additional=\dimen291
\pgf@shorten@start@additional=\dimen292
) (C:\Users\hyunj\AppData\Local\Programs\MiKTeX\tex/generic/pgf/basiclayer\pgfcorescopes.code.tex
File: pgfcorescopes.code.tex 2025-08-29 v3.1.11a (3.1.11a)
\pgfpic=\box63
\pgf@hbox=\box64
\pgf@layerbox@main=\box65
\pgf@picture@serial@count=\count328
) (C:\Users\hyunj\AppData\Local\Programs\MiKTeX\tex/generic/pgf/basiclayer\pgfcoregraphicstate.code.tex
File: pgfcoregraphicstate.code.tex 2025-08-29 v3.1.11a (3.1.11a)
\pgflinewidth=\dimen293
) (C:\Users\hyunj\AppData\Local\Programs\MiKTeX\tex/generic/pgf/basiclayer\pgfcoretransformations.code.tex
File: pgfcoretransformations.code.tex 2025-08-29 v3.1.11a (3.1.11a)
\pgf@pt@x=\dimen294
\pgf@pt@y=\dimen295
\pgf@pt@temp=\dimen296
) (C:\Users\hyunj\AppData\Local\Programs\MiKTeX\tex/generic/pgf/basiclayer\pgfcorequick.code.tex
File: pgfcorequick.code.tex 2025-08-29 v3.1.11a (3.1.11a)
) (C:\Users\hyunj\AppData\Local\Programs\MiKTeX\tex/generic/pgf/basiclayer\pgfcoreobjects.code.tex
File: pgfcoreobjects.code.tex 2025-08-29 v3.1.11a (3.1.11a)
) (C:\Users\hyunj\AppData\Local\Programs\MiKTeX\tex/generic/pgf/basiclayer\pgfcorepathprocessing.code.tex
File: pgfcorepathprocessing.code.tex 2025-08-29 v3.1.11a (3.1.11a)
) (C:\Users\hyunj\AppData\Local\Programs\MiKTeX\tex/generic/pgf/basiclayer\pgfcorearrows.code.tex
File: pgfcorearrows.code.tex 2025-08-29 v3.1.11a (3.1.11a)
\pgfarrowsep=\dimen297
) (C:\Users\hyunj\AppData\Local\Programs\MiKTeX\tex/generic/pgf/basiclayer\pgfcoreshade.code.tex
File: pgfcoreshade.code.tex 2025-08-29 v3.1.11a (3.1.11a)
\pgf@max=\dimen298
\pgf@sys@shading@range@num=\count329
\pgf@shadingcount=\count330
) (C:\Users\hyunj\AppData\Local\Programs\MiKTeX\tex/generic/pgf/basiclayer\pgfcoreimage.code.tex
File: pgfcoreimage.code.tex 2025-08-29 v3.1.11a (3.1.11a)
) (C:\Users\hyunj\AppData\Local\Programs\MiKTeX\tex/generic/pgf/basiclayer\pgfcoreexternal.code.tex
File: pgfcoreexternal.code.tex 2025-08-29 v3.1.11a (3.1.11a)
\pgfexternal@startupbox=\box66
) (C:\Users\hyunj\AppData\Local\Programs\MiKTeX\tex/generic/pgf/basiclayer\pgfcorelayers.code.tex
File: pgfcorelayers.code.tex 2025-08-29 v3.1.11a (3.1.11a)
) (C:\Users\hyunj\AppData\Local\Programs\MiKTeX\tex/generic/pgf/basiclayer\pgfcoretransparency.code.tex
File: pgfcoretransparency.code.tex 2025-08-29 v3.1.11a (3.1.11a)
) (C:\Users\hyunj\AppData\Local\Programs\MiKTeX\tex/generic/pgf/basiclayer\pgfcorepatterns.code.tex
File: pgfcorepatterns.code.tex 2025-08-29 v3.1.11a (3.1.11a)
) (C:\Users\hyunj\AppData\Local\Programs\MiKTeX\tex/generic/pgf/basiclayer\pgfcorerdf.code.tex
File: pgfcorerdf.code.tex 2025-08-29 v3.1.11a (3.1.11a)
))) (C:\Users\hyunj\AppData\Local\Programs\MiKTeX\tex/generic/pgf/modules\pgfmoduleshapes.code.tex
File: pgfmoduleshapes.code.tex 2025-08-29 v3.1.11a (3.1.11a)
\pgfnodeparttextbox=\box67
) (C:\Users\hyunj\AppData\Local\Programs\MiKTeX\tex/generic/pgf/modules\pgfmoduleplot.code.tex
File: pgfmoduleplot.code.tex 2025-08-29 v3.1.11a (3.1.11a)
) (C:\Users\hyunj\AppData\Local\Programs\MiKTeX\tex/latex/pgf/compatibility\pgfcomp-version-0-65.sty
Package: pgfcomp-version-0-65 2025-08-29 v3.1.11a (3.1.11a)
\pgf@nodesepstart=\dimen299
\pgf@nodesepend=\dimen300
) (C:\Users\hyunj\AppData\Local\Programs\MiKTeX\tex/latex/pgf/compatibility\pgfcomp-version-1-18.sty
Package: pgfcomp-version-1-18 2025-08-29 v3.1.11a (3.1.11a)
)) (C:\Users\hyunj\AppData\Local\Programs\MiKTeX\tex/latex/pgf/utilities\pgffor.sty (C:\Users\hyunj\AppData\Local\Programs\MiKTeX\tex/latex/pgf/utilities\pgfkeys.sty (C:\Users\hyunj\AppData\Local\Programs\MiKTeX\tex/generic/pgf/utilities\pgfkeys.code.tex)) (C:\Users\hyunj\AppData\Local\Programs\MiKTeX\tex/latex/pgf/math\pgfmath.sty (C:\Users\hyunj\AppData\Local\Programs\MiKTeX\tex/generic/pgf/math\pgfmath.code.tex)) (C:\Users\hyunj\AppData\Local\Programs\MiKTeX\tex/generic/pgf/utilities\pgffor.code.tex
Package: pgffor 2025-08-29 v3.1.11a (3.1.11a)
\pgffor@iter=\dimen301
\pgffor@skip=\dimen302
\pgffor@stack=\toks48
\pgffor@toks=\toks49
)) (C:\Users\hyunj\AppData\Local\Programs\MiKTeX\tex/generic/pgf/frontendlayer/tikz\tikz.code.tex
Package: tikz 2025-08-29 v3.1.11a (3.1.11a)
 (C:\Users\hyunj\AppData\Local\Programs\MiKTeX\tex/generic/pgf/libraries\pgflibraryplothandlers.code.tex
File: pgflibraryplothandlers.code.tex 2025-08-29 v3.1.11a (3.1.11a)
\pgf@plot@mark@count=\count331
\pgfplotmarksize=\dimen303
)
\tikz@lastx=\dimen304
\tikz@lasty=\dimen305
\tikz@lastxsaved=\dimen306
\tikz@lastysaved=\dimen307
\tikz@lastmovetox=\dimen308
\tikz@lastmovetoy=\dimen309
\tikzleveldistance=\dimen310
\tikzsiblingdistance=\dimen311
\tikz@figbox=\box68
\tikz@figbox@bg=\box69
\tikz@tempbox=\box70
\tikz@tempbox@bg=\box71
\tikztreelevel=\count332
\tikznumberofchildren=\count333
\tikznumberofcurrentchild=\count334
\tikz@fig@count=\count335
 (C:\Users\hyunj\AppData\Local\Programs\MiKTeX\tex/generic/pgf/modules\pgfmodulematrix.code.tex
File: pgfmodulematrix.code.tex 2025-08-29 v3.1.11a (3.1.11a)
\pgfmatrixcurrentrow=\count336
\pgfmatrixcurrentcolumn=\count337
\pgf@matrix@numberofcolumns=\count338
)
\tikz@expandcount=\count339
 (C:\Users\hyunj\AppData\Local\Programs\MiKTeX\tex/generic/pgf/frontendlayer/tikz/libraries\tikzlibrarytopaths.code.tex
File: tikzlibrarytopaths.code.tex 2025-08-29 v3.1.11a (3.1.11a)
))) (C:\Users\hyunj\AppData\Local\Programs\MiKTeX\tex/latex/tikz-cd\tikzlibrarycd.code.tex (C:\Users\hyunj\AppData\Local\Programs\MiKTeX\tex/generic/pgf/frontendlayer/tikz/libraries\tikzlibrarymatrix.code.tex
File: tikzlibrarymatrix.code.tex 2025-08-29 v3.1.11a (3.1.11a)
) (C:\Users\hyunj\AppData\Local\Programs\MiKTeX\tex/generic/pgf/frontendlayer/tikz/libraries\tikzlibraryquotes.code.tex
File: tikzlibraryquotes.code.tex 2025-08-29 v3.1.11a (3.1.11a)
) (C:\Users\hyunj\AppData\Local\Programs\MiKTeX\tex/generic/pgf/libraries\pgflibraryarrows.meta.code.tex
File: pgflibraryarrows.meta.code.tex 2025-08-29 v3.1.11a (3.1.11a)
\pgfarrowinset=\dimen312
\pgfarrowlength=\dimen313
\pgfarrowwidth=\dimen314
\pgfarrowlinewidth=\dimen315
))) (C:\Users\hyunj\AppData\Local\Programs\MiKTeX\tex/latex/mathtools\mathtools.sty
Package: mathtools 2024/10/04 v1.31 mathematical typesetting tools
 (C:\Users\hyunj\AppData\Local\Programs\MiKTeX\tex/latex/tools\calc.sty
Package: calc 2025/03/01 v4.3b Infix arithmetic (KKT,FJ)
\calc@Acount=\count340
\calc@Bcount=\count341
\calc@Adimen=\dimen316
\calc@Bdimen=\dimen317
\calc@Askip=\skip65
\calc@Bskip=\skip66
LaTeX Info: Redefining \setlength on input line 86.
LaTeX Info: Redefining \addtolength on input line 87.
\calc@Ccount=\count342
\calc@Cskip=\skip67
)
(C:\Users\hyunj\AppData\Local\Programs\MiKTeX\tex/latex/mathtools\mhsetup.sty
Package: mhsetup 2021/03/18 v1.4 programming setup (MH)
)
\g_MT_multlinerow_int=\count343
\l_MT_multwidth_dim=\dimen318
\origjot=\skip68
\l_MT_shortvdotswithinadjustabove_dim=\dimen319
\l_MT_shortvdotswithinadjustbelow_dim=\dimen320
\l_MT_above_intertext_sep=\dimen321
\l_MT_below_intertext_sep=\dimen322
\l_MT_above_shortintertext_sep=\dimen323
\l_MT_below_shortintertext_sep=\dimen324
\xmathstrut@box=\box72
\xmathstrut@dim=\dimen325
) (C:\Users\hyunj\AppData\Local\Programs\MiKTeX\tex/latex/stmaryrd\stmaryrd.sty
Package: stmaryrd 1994/03/03 St Mary's Road symbol package
\symstmry=\mathgroup10
LaTeX Font Info:    Overwriting symbol font `stmry' in version `bold'
(Font)                  U/stmry/m/n --> U/stmry/b/n on input line 89.
) (C:\Users\hyunj\AppData\Local\Programs\MiKTeX\tex/latex/base\fontenc.sty
Package: fontenc 2025/07/18 v2.1d Standard LaTeX package
 (C:\Users\hyunj\AppData\Local\Programs\MiKTeX\tex/latex/cyrillic\ot2enc.def
File: ot2enc.def 2022/06/11 v3.3b Cyrillic encoding definition file
Now handling font encoding OT2 ...
... processing UTF-8 mapping file for font encoding OT2
 (C:\Users\hyunj\AppData\Local\Programs\MiKTeX\tex/latex/base\ot2enc.dfu
File: ot2enc.dfu 2022/06/07 v1.3c UTF-8 support
   defining Unicode char U+00AB (decimal 171)
   defining Unicode char U+00BB (decimal 187)
   defining Unicode char U+0131 (decimal 305)
   defining Unicode char U+0237 (decimal 567)
   defining Unicode char U+0400 (decimal 1024)
   defining Unicode char U+0401 (decimal 1025)
   defining Unicode char U+0402 (decimal 1026)
   defining Unicode char U+0403 (decimal 1027)
   defining Unicode char U+0404 (decimal 1028)
   defining Unicode char U+0405 (decimal 1029)
   defining Unicode char U+0406 (decimal 1030)
   defining Unicode char U+0408 (decimal 1032)
   defining Unicode char U+0409 (decimal 1033)
   defining Unicode char U+040A (decimal 1034)
   defining Unicode char U+040B (decimal 1035)
   defining Unicode char U+040C (decimal 1036)
   defining Unicode char U+040D (decimal 1037)
   defining Unicode char U+040F (decimal 1039)
   defining Unicode char U+0410 (decimal 1040)
   defining Unicode char U+0411 (decimal 1041)
   defining Unicode char U+0412 (decimal 1042)
   defining Unicode char U+0413 (decimal 1043)
   defining Unicode char U+0414 (decimal 1044)
   defining Unicode char U+0415 (decimal 1045)
   defining Unicode char U+0416 (decimal 1046)
   defining Unicode char U+0417 (decimal 1047)
   defining Unicode char U+0418 (decimal 1048)
   defining Unicode char U+0419 (decimal 1049)
   defining Unicode char U+041A (decimal 1050)
   defining Unicode char U+041B (decimal 1051)
   defining Unicode char U+041C (decimal 1052)
   defining Unicode char U+041D (decimal 1053)
   defining Unicode char U+041E (decimal 1054)
   defining Unicode char U+041F (decimal 1055)
   defining Unicode char U+0420 (decimal 1056)
   defining Unicode char U+0421 (decimal 1057)
   defining Unicode char U+0422 (decimal 1058)
   defining Unicode char U+0423 (decimal 1059)
   defining Unicode char U+0424 (decimal 1060)
   defining Unicode char U+0425 (decimal 1061)
   defining Unicode char U+0426 (decimal 1062)
   defining Unicode char U+0427 (decimal 1063)
   defining Unicode char U+0428 (decimal 1064)
   defining Unicode char U+0429 (decimal 1065)
   defining Unicode char U+042A (decimal 1066)
   defining Unicode char U+042B (decimal 1067)
   defining Unicode char U+042C (decimal 1068)
   defining Unicode char U+042D (decimal 1069)
   defining Unicode char U+042E (decimal 1070)
   defining Unicode char U+042F (decimal 1071)
   defining Unicode char U+0430 (decimal 1072)
   defining Unicode char U+0431 (decimal 1073)
   defining Unicode char U+0432 (decimal 1074)
   defining Unicode char U+0433 (decimal 1075)
   defining Unicode char U+0434 (decimal 1076)
   defining Unicode char U+0435 (decimal 1077)
   defining Unicode char U+0436 (decimal 1078)
   defining Unicode char U+0437 (decimal 1079)
   defining Unicode char U+0438 (decimal 1080)
   defining Unicode char U+0439 (decimal 1081)
   defining Unicode char U+043A (decimal 1082)
   defining Unicode char U+043B (decimal 1083)
   defining Unicode char U+043C (decimal 1084)
   defining Unicode char U+043D (decimal 1085)
   defining Unicode char U+043E (decimal 1086)
   defining Unicode char U+043F (decimal 1087)
   defining Unicode char U+0440 (decimal 1088)
   defining Unicode char U+0441 (decimal 1089)
   defining Unicode char U+0442 (decimal 1090)
   defining Unicode char U+0443 (decimal 1091)
   defining Unicode char U+0444 (decimal 1092)
   defining Unicode char U+0445 (decimal 1093)
   defining Unicode char U+0446 (decimal 1094)
   defining Unicode char U+0447 (decimal 1095)
   defining Unicode char U+0448 (decimal 1096)
   defining Unicode char U+0449 (decimal 1097)
   defining Unicode char U+044A (decimal 1098)
   defining Unicode char U+044B (decimal 1099)
   defining Unicode char U+044C (decimal 1100)
   defining Unicode char U+044D (decimal 1101)
   defining Unicode char U+044E (decimal 1102)
   defining Unicode char U+044F (decimal 1103)
   defining Unicode char U+0450 (decimal 1104)
   defining Unicode char U+0451 (decimal 1105)
   defining Unicode char U+0452 (decimal 1106)
   defining Unicode char U+0453 (decimal 1107)
   defining Unicode char U+0454 (decimal 1108)
   defining Unicode char U+0455 (decimal 1109)
   defining Unicode char U+0456 (decimal 1110)
   defining Unicode char U+0458 (decimal 1112)
   defining Unicode char U+0459 (decimal 1113)
   defining Unicode char U+045A (decimal 1114)
   defining Unicode char U+045B (decimal 1115)
   defining Unicode char U+045C (decimal 1116)
   defining Unicode char U+045D (decimal 1117)
   defining Unicode char U+045F (decimal 1119)
   defining Unicode char U+0462 (decimal 1122)
   defining Unicode char U+0463 (decimal 1123)
   defining Unicode char U+0472 (decimal 1138)
   defining Unicode char U+0473 (decimal 1139)
   defining Unicode char U+0474 (decimal 1140)
   defining Unicode char U+0475 (decimal 1141)
   defining Unicode char U+04C1 (decimal 1217)
   defining Unicode char U+04C2 (decimal 1218)
   defining Unicode char U+04D0 (decimal 1232)
   defining Unicode char U+04D1 (decimal 1233)
   defining Unicode char U+04D2 (decimal 1234)
   defining Unicode char U+04D3 (decimal 1235)
   defining Unicode char U+04D6 (decimal 1238)
   defining Unicode char U+04D7 (decimal 1239)
   defining Unicode char U+04DC (decimal 1244)
   defining Unicode char U+04DD (decimal 1245)
   defining Unicode char U+04DE (decimal 1246)
   defining Unicode char U+04DF (decimal 1247)
   defining Unicode char U+04E2 (decimal 1250)
   defining Unicode char U+04E3 (decimal 1251)
   defining Unicode char U+04E4 (decimal 1252)
   defining Unicode char U+04E5 (decimal 1253)
   defining Unicode char U+04E6 (decimal 1254)
   defining Unicode char U+04E7 (decimal 1255)
   defining Unicode char U+04EC (decimal 1260)
   defining Unicode char U+04ED (decimal 1261)
   defining Unicode char U+04EE (decimal 1262)
   defining Unicode char U+04EF (decimal 1263)
   defining Unicode char U+04F0 (decimal 1264)
   defining Unicode char U+04F1 (decimal 1265)
   defining Unicode char U+04F2 (decimal 1266)
   defining Unicode char U+04F3 (decimal 1267)
   defining Unicode char U+04F4 (decimal 1268)
   defining Unicode char U+04F5 (decimal 1269)
   defining Unicode char U+04F8 (decimal 1272)
   defining Unicode char U+04F9 (decimal 1273)
   defining Unicode char U+2013 (decimal 8211)
   defining Unicode char U+2014 (decimal 8212)
   defining Unicode char U+2018 (decimal 8216)
   defining Unicode char U+2019 (decimal 8217)
   defining Unicode char U+201C (decimal 8220)
   defining Unicode char U+201D (decimal 8221)
   defining Unicode char U+2116 (decimal 8470)
)))
\symcyrletters=\mathgroup11
 (C:\Users\hyunj\AppData\Local\Programs\MiKTeX\tex/latex/import\import.sty
Package: import 2020/04/01  v 6.2
) (C:\Users\hyunj\AppData\Local\Programs\MiKTeX\tex/latex/doublestroke\dsfont.sty
Package: dsfont 1995/08/01 v0.1 Double stroke roman fonts
)
\c@theorem=\count344
 (C:\Users\hyunj\AppData\Local\Programs\MiKTeX\tex/generic/soul\soul.sty
Package: soul 2026-03-06 v3.2 Permit use of UTF-8 characters in soul (HO)
 (C:\Users\hyunj\AppData\Local\Programs\MiKTeX\tex/generic/soul\soul-ori.sty
Package: soul-ori 2026-03-06 v3.2 letterspacing/underlining (mf)
\SOUL@word=\toks50
\SOUL@lasttoken=\toks51
\SOUL@syllable=\toks52
\SOUL@cmds=\toks53
\SOUL@buffer=\toks54
\SOUL@token=\toks55
\SOUL@syllgoal=\dimen326
\SOUL@syllwidth=\dimen327
\SOUL@charkern=\dimen328
\SOUL@hyphkern=\dimen329
\SOUL@dimen=\dimen330
\SOUL@dimeni=\dimen331
\SOUL@minus=\count345
\SOUL@comma=\count346
\SOUL@apo=\count347
\SOUL@grave=\count348
\SOUL@spaceskip=\skip69
\SOUL@ttwidth=\dimen332
\SOUL@uldp=\dimen333
\SOUL@ulht=\dimen334
) (C:\Users\hyunj\AppData\Local\Programs\MiKTeX\tex/generic/etexcmds\etexcmds.sty
Package: etexcmds 2019/12/15 v1.7 Avoid name clashes with e-TeX commands (HO)
))) (C:\Users\hyunj\AppData\Local\Programs\MiKTeX\tex/latex/glossaries/base\glossaries.sty
Package: glossaries 2026/04/21 v5.1 (NLCT)
 (C:\Users\hyunj\AppData\Local\Programs\MiKTeX\tex/latex/xkeyval\xkeyval.sty
Package: xkeyval 2022/06/16 v2.9 package option processing (HA)
 (C:\Users\hyunj\AppData\Local\Programs\MiKTeX\tex/generic/xkeyval\xkeyval.tex (C:\Users\hyunj\AppData\Local\Programs\MiKTeX\tex/generic/xkeyval\xkvutils.tex
\XKV@toks=\toks56
\XKV@tempa@toks=\toks57
)
\XKV@depth=\count349
File: xkeyval.tex 2014/12/03 v2.7a key=value parser (HA)
)) (C:\Users\hyunj\AppData\Local\Programs\MiKTeX\tex/latex/mfirstuc\mfirstuc.sty
Package: mfirstuc 2025/04/03 v2.09 (NLCT)
\@glsmfirst=\toks58
\@glsmrest=\toks59
) (C:\Users\hyunj\AppData\Local\Programs\MiKTeX\tex/latex/xfor\xfor.sty
Package: xfor 2009/02/05 v1.05 (NLCT)
) (C:\Users\hyunj\AppData\Local\Programs\MiKTeX\tex/latex/datatool\datatool-base.sty
Package: datatool-base 2025/12/04 v3.4.3 (NLCT)
 (C:\Users\hyunj\AppData\Local\Programs\MiKTeX\tex/latex/tracklang\tracklang.sty
Package: tracklang 2025/03/11 v1.6.6 (NLCT) Track Languages
 (C:\Users\hyunj\AppData\Local\Programs\MiKTeX\tex/generic/tracklang\tracklang.tex))
\l__datatool_tmpa_int=\count350
\l__datatool_tmpb_int=\count351
\l__datatool_tmpc_int=\count352
\l__datatool_tmpd_int=\count353
\l__datatool_count_int=\count354
\l__datatool_tmp_datatype_int=\count355
\l__datatool_tmpa_dim=\dimen335
\l__datatool_tmpb_dim=\dimen336
 (C:\Users\hyunj\AppData\Local\Programs\MiKTeX\tex/latex/datatool\datatool-l3fp.def
File: datatool-l3fp.def 2025/12/04 v3.4.3 (NLCT)
)
\@dtl@toks=\toks60
\@dtl@tmpcount=\count356
\dtl@tmplength=\skip70
\l__datatool_measure_box=\box73
\dtl@sortresult=\count357
 (C:\Users\hyunj\AppData\Local\Programs\MiKTeX\tex/latex/datatool\datatool-utf8.ldf
File: datatool-utf8.ldf 2025/12/04 v3.4.3 (NLCT)
)
\@dtl@datatype=\count358
\c_datatool_unknown_int=\count359
\l__datatool_year_int=\count360
\l__datatool_month_int=\count361
\l__datatool_day_int=\count362
\l__datatool_hour_int=\count363
\l__datatool_minute_int=\count364
\l__datatool_second_int=\count365
\l__datatool_tzhour_int=\count366
\l__datatool_tzminute_int=\count367
\l__datatool_julian_int=\count368
\l__datatool_local_julian_int=\count369
\l__datatool_prefix_int=\count370
\l__datatool_suffix_int=\count371
\@dtl@foreach@level=\count372
\dtl@codeA=\count373
\dtl@codeB=\count374
)
\gls@level=\count375
\@gls@tmpb=\toks61
\gls@tmplen=\skip71
\l__glossaries_tmpa_dim=\dimen337
\l__glossaries_tmpb_dim=\dimen338
\glskeylisttok=\toks62
\glslabeltok=\toks63
\glsshorttok=\toks64
\glslongtok=\toks65
 (C:\Users\hyunj\AppData\Local\Programs\MiKTeX\tex/latex/glossaries/styles\glossary-hypernav.sty
Package: glossary-hypernav 2026/04/21 v5.1 (NLCT)
) (C:\Users\hyunj\AppData\Local\Programs\MiKTeX\tex/latex/glossaries/styles\glossary-list.sty
Package: glossary-list 2026/04/21 v5.1 (NLCT)
\glslistdottedwidth=\skip72
) (C:\Users\hyunj\AppData\Local\Programs\MiKTeX\tex/latex/glossaries/styles\glossary-long.sty
Package: glossary-long 2026/04/21 v5.1 (NLCT)
 (C:\Users\hyunj\AppData\Local\Programs\MiKTeX\tex/latex/tools\longtable.sty
Package: longtable 2025-10-13 v4.24 Multi-page Table package (DPC)
\LTleft=\skip73
\LTright=\skip74
\LTpre=\skip75
\LTpost=\skip76
\LTchunksize=\count376
\LTcapwidth=\dimen339
\LT@head=\box74
\LT@firsthead=\box75
\LT@foot=\box76
\LT@lastfoot=\box77
\LT@gbox=\box78
\LT@cols=\count377
\LT@rows=\count378
\c@LT@tables=\count379
\c@LT@chunks=\count380
\LT@p@ftn=\toks66
)
\glsdescwidth=\skip77
\glspagelistwidth=\skip78
) (C:\Users\hyunj\AppData\Local\Programs\MiKTeX\tex/latex/glossaries/styles\glossary-super.sty
Package: glossary-super 2026/04/21 v5.1 (NLCT)
 (C:\Users\hyunj\AppData\Local\Programs\MiKTeX\tex/latex/supertabular\supertabular.sty
Package: supertabular 2025/06/26 v4.2d the supertabular environment
\c@tracingst=\count381
\ST@wd=\dimen340
\ST@rightskip=\skip79
\ST@leftskip=\skip80
\ST@parfillskip=\skip81
\ST@pageleft=\dimen341
\ST@headht=\dimen342
\ST@tailht=\dimen343
\ST@pagesofar=\dimen344
\ST@pboxht=\dimen345
\ST@rowht=\dimen346
\ST@prevht=\dimen347
\ST@toadd=\dimen348
\ST@dimen=\dimen349
\ST@pbox=\box79
)) (C:\Users\hyunj\AppData\Local\Programs\MiKTeX\tex/latex/glossaries/styles\glossary-tree.sty
Package: glossary-tree 2026/04/21 v5.1 (NLCT)
\l__glossaries_tree_max_known_level_int=\count382
\l__glossaries_tree_offset_dim=\dimen350
\l__glossaries_tree_namewidth_dim=\dimen351
\l__glossaries_tree_symbolwidth_dim=\dimen352
\l__glossaries_tree_prenamesym_width_dim=\dimen353
\l__glossaries_tree_presubnamesym_width_dim=\dimen354
\l__glossaries_tree_namewidth_padding_dim=\dimen355
\l__glossaries_tree_symbolwidth_padding_dim=\dimen356
\l__glossaries_tree_namesymbolwidth_dim=\dimen357
\l__glossaries_tree_namesymbolwidth_padding_dim=\dimen358
\l__glossaries_tree_level_int=\count383
\glstreeindent=\skip82
))
\glswrite=\write5
\glo@main@file=\write6
\openout6 = `AbstractAlgebra.glo'.

Package glossaries Info: Writing glossary file AbstractAlgebra.glo on input line 7.
 (C:\Users\hyunj\AppData\Local\Programs\MiKTeX\tex/latex/l3backend\l3backend-pdftex.def
File: l3backend-pdftex.def 2026-02-18 L3 backend support: PDF output (pdfTeX)
\l__color_backend_stack_int=\count384
) (AbstractAlgebra.aux)
\openout1 = `AbstractAlgebra.aux'.

LaTeX Font Info:    Checking defaults for OML/cmm/m/it on input line 9.
LaTeX Font Info:    ... okay on input line 9.
LaTeX Font Info:    Checking defaults for OMS/cmsy/m/n on input line 9.
LaTeX Font Info:    ... okay on input line 9.
LaTeX Font Info:    Checking defaults for OT1/cmr/m/n on input line 9.
LaTeX Font Info:    ... okay on input line 9.
LaTeX Font Info:    Checking defaults for T1/cmr/m/n on input line 9.
LaTeX Font Info:    ... okay on input line 9.
LaTeX Font Info:    Checking defaults for TS1/cmr/m/n on input line 9.
LaTeX Font Info:    ... okay on input line 9.
LaTeX Font Info:    Checking defaults for OMX/cmex/m/n on input line 9.
LaTeX Font Info:    ... okay on input line 9.
LaTeX Font Info:    Checking defaults for U/cmr/m/n on input line 9.
LaTeX Font Info:    ... okay on input line 9.
LaTeX Font Info:    Checking defaults for PD1/pdf/m/n on input line 9.
LaTeX Font Info:    ... okay on input line 9.
LaTeX Font Info:    Checking defaults for PU/pdf/m/n on input line 9.
LaTeX Font Info:    ... okay on input line 9.
LaTeX Font Info:    Checking defaults for OT2/cmr/m/n on input line 9.
LaTeX Font Info:    Trying to load font information for OT2+cmr on input line 9.
 (C:\Users\hyunj\AppData\Local\Programs\MiKTeX\tex/latex/cyrillic\ot2cmr.fd
File: ot2cmr.fd 2001/08/11 v3.2c Computer Modern Cyrillic font definitions
)
LaTeX Font Info:    ... okay on input line 9.
LaTeX Font Info:    Trying to load font information for U+msa on input line 9.
 (C:\Users\hyunj\AppData\Local\Programs\MiKTeX\tex/latex/amsfonts\umsa.fd
File: umsa.fd 2013/01/14 v3.01 AMS symbols A
)
LaTeX Font Info:    Trying to load font information for U+msb on input line 9.
 (C:\Users\hyunj\AppData\Local\Programs\MiKTeX\tex/latex/amsfonts\umsb.fd
File: umsb.fd 2013/01/14 v3.01 AMS symbols B
)
LaTeX Font Info:    Trying to load font information for U+rsfs on input line 9.
 (C:\Users\hyunj\AppData\Local\Programs\MiKTeX\tex/latex/jknappen\ursfs.fd
File: ursfs.fd 1998/03/24 rsfs font definition file (jk)
)
LaTeX Font Info:    Trying to load font information for U+stmry on input line 9.
 (C:\Users\hyunj\AppData\Local\Programs\MiKTeX\tex/latex/stmaryrd\ustmry.fd)
LaTeX Font Info:    Trying to load font information for OT2+wncyr on input line 9.
 (C:\Users\hyunj\AppData\Local\Programs\MiKTeX\tex/latex/cyrillic\ot2wncyr.fd
File: ot2wncyr.fd 1999/12/17 v3.2a Computer Modern Cyrillic font definitions
)
Package hyperref Info: Link coloring OFF on input line 9.
 (AbstractAlgebra.out) (AbstractAlgebra.out)
\@outlinefile=\write7
\openout7 = `AbstractAlgebra.out'.

Package xypdf Info: Line width: 0.47998pt on input line 9.
 (C:\Users\hyunj\AppData\Local\Programs\MiKTeX\tex/context/base/mkii\supp-pdf.mkii
[Loading MPS to PDF converter (version 2006.09.02).]
\scratchcounter=\count385
\scratchdimen=\dimen359
\scratchbox=\box80
\nofMPsegments=\count386
\nofMParguments=\count387
\everyMPshowfont=\toks67
\MPscratchCnt=\count388
\MPscratchDim=\dimen360
\MPnumerator=\count389
\makeMPintoPDFobject=\count390
\everyMPtoPDFconversion=\toks68
) (C:\Users\hyunj\AppData\Local\Programs\MiKTeX\tex/latex/epstopdf-pkg\epstopdf-base.sty
Package: epstopdf-base 2020-01-24 v2.11 Base part for package epstopdf
Package epstopdf-base Info: Redefining graphics rule for `.eps' on input line 485.
 (C:\Users\hyunj\AppData\Local\Programs\MiKTeX\tex/latex/00miktex\epstopdf-sys.cfg
File: epstopdf-sys.cfg 2021/03/18 v2.0 Configuration of epstopdf for MiKTeX
)) (AbstractAlgebra.glsdefs) (AbstractAlgebra.toc [1
\openout5 = `AbstractAlgebra.ist'.

{C:/Users/hyunj/AppData/Local/MiKTeX/fonts/map/pdftex/pdftex.map}{C:/Users/hyunj/AppData/Local/Programs/MiKTeX/fonts/enc/dvips/cm-super/cm-super-t1.enc}])
\tf@toc=\write8
\openout8 = `AbstractAlgebra.toc'.

 (content.tex (../_definitions/definition_group.tex [2]) (../_definitions/definition_group_homomorphism.tex) (../_definitions/definition_category_of_groups_of_abelian_groups.tex

LaTeX Warning: Hyper reference `abelian_category' on page 3 undefined on input line 6.

) (../_definitions/definition_subgroup_of_a_group.tex) (../_definitions/definition_subgroup_of_a_group_generated_by_elements.tex [3]) (../_definitions/definition_finitely_generated_group.tex) (../_definitions/definition_conjugation_of_group_elements_and_subgroup_by_a_group_element.tex) (../_definitions/definition_coset_of_a_subgroup_of_a_group_by_an_element.tex) (../_definitions/definition_index_of_a_subgroup_in_a_group.tex) (../_definitions/definition_normal_subgroup_of_a_group.tex) (../_concepts/lemma_every_subgroup_of_an_abelian_group_is_a_normal_subgroup.tex) (../_definitions/definition_kernel_image_of_group_homomorphism.tex [4]) (../_concepts/proposition_basic_facts_about_kernel_and_image_of_group_homomorphisms.tex) (../_definitions/definition_quotient_of_a_group_by_a_normal_subgroup.tex) (../_concepts/proposition_quotient_group_of_a_group_by_a_normal_subgroup_has_well_deinfed_operation.tex) (../_concepts/theorem_canonical_projection_from_group_to_quotient_by_normal_subgroup.tex) (../_concepts/lemma_unique_factorization_of_group_homomorphism_through_quotient_by_normal_subgroup_contained_in_kernel.tex [5]) (../_concepts/theorem_first_isomorphism_theorem_for_groups.tex) (../_concepts/theorem_second_isomorphism_theorem_for_groups.tex) (../_concepts/theorem_third_isomorphism_theorem_for_groups.tex [6]) (../_definitions/definition_symmetric_group_on_a_set.tex
LaTeX Font Info:    Trying to load font information for U+euf on input line 2.
 (C:\Users\hyunj\AppData\Local\Programs\MiKTeX\tex/latex/amsfonts\ueuf.fd
File: ueuf.fd 2013/01/14 v3.01 Euler Fraktur
)) (../_definitions/definition_signature_of_an_element_of_the_symmetric_group_on_a_finite_set.tex) (../_definitions/definition_normalizer_of_a_subgroup_of_a_group.tex) (../_concepts/proposition_subgroup_of_a_group_is_normal_subgroup_of_normalizer.tex) (../_definitions/definition_centralizer_of_a_subgroup_of_a_group.tex [7]) (../_definitions/definition_left_and_right_group_actions_on_a_set.tex) (../_definitions/definition_orbit_of_a_group_action.tex) (../_definitions/definition_stabilizer_of_an_element_of_a_set_under_a_group_action.tex) (../_definitions/definition_fixed_point_set_of_a_group_acting_on_a_set.tex) [8] (../_definitions/definition_product_of_groups.tex [9]) (../_definitions/definition_p_subgroup_of_a_finite_group.tex) (../_definitions/definition_sylow_p_subgroup_of_a_finite_group.tex) (../_concepts/theorem_sylows_theorems.tex) (../_concepts/corollary_every_p_subgroup_of_a_finite_group_is_contained_in_some_sylow_p_subgroup.tex) (../_definitions/definition_exact_sequence_short_exact_sequence_of_group_homomorphisms.tex) (../_definitions/definition_section_and_splitting_of_a_short_exact_sequence_of_groups.tex [10]) (../_definitions/definition_automorphism_of_a_group_automorphism_group_of_a_group.tex) (../_concepts/proposition_automorphism_group_of_an_object_of_a_locally_small_category_is_indeed_a_group.tex) (../_definitions/definition_semidirect_product_of_groups_external_and_internal.tex) (../_concepts/theorem_internal_and_external_semidirect_products_are_isomorphic.tex) (../_concepts/theorem_group_is_semidirect_product_of_groups_if_and_only_if_there_is_a_split_short_exact_sequence.tex [11]) (../_definitions/definition_ring.tex) (../_definitions/definition_opposite_ring_of_a_ring.tex [12]) (../_definitions/definition_commutative_ring.tex) (../_definitions/definition_center_of_a_ring.tex) (../_definitions/definition_zero_ring.tex) (../_definitions/definition_zero_divisor_of_a_ring.tex) (../_definitions/definition_domain_integral_domain.tex) (../_definitions/definition_unit_of_a_ring.tex [13]) (../_definitions/definition_irreducible_element_of_a_ring.tex) (../_definitions/definition_divisibility_of_elements_of_rings.tex) (../_definitions/definition_prime_element_of_a_ring.tex) (../_definitions/definition_division_ring.tex) (../_definitions/definition_field.tex) (../_concepts/lemma_unit_group_of_a_field_just_excludes_zero.tex) (../_definitions/definition_field_of_fractions_of_an_integral_domain.tex [14]) (../_definitions/definition_ring_homomorphism.tex) (../_definitions/definition_category_of_rings.tex) (../_definitions/definition_category_of_rings_over_a_ring.tex [15]) (../_concepts/lemma_category_of_rings_is_category_of_Z_rings.tex) (../_concepts/lemma_category_of_rings_over_a_ring_has_an_initial_object.tex) (../_definitions/definition_algebra_of_a_ring.tex) (../_definitions/definition_category_of_algebras_over_a_ring.tex [16]) (../_definitions/definition_central_algebra_over_a_commutative_ring.tex) (../_definitions/definition_subalgebra_of_an_algebra_over_a_not_necessarily_commutative_ring.tex) (../_definitions/definition_subalgebra_of_an_algebra_over_a_not_necessarily_commutative_ring_generated_by_a_subset.tex) (../_definitions/definition_free_associative_algebra_over_a_ring.tex
Overfull \hbox (13.92871pt too wide) in paragraph at lines 4--5
[]\T1/cmr/m/n/12 The []\T1/cmr/m/it/12 free[] [][][]as[]-[]so[]-[]cia[]-[]tive[] [][][][][]-[]al[]-[]ge[]-[]bra[] [][][]on[] [][][]the[] [][][]vari[]-[]ables[] [][][][]\T1/cmr/m/n/12 , de-noted by no-ta-tions such as [][]
 []

[17]) (../_definitions/definition_polynomial_ring_over_a_commutative_ring.tex) (../_concepts/lemma_polynomial_ring_over_an_integral_domain_is_an_integral_domain.tex) (../_definitions/definition_function_field_over_an_integral_domain_in_finitely_many_variables.tex) (../_definitions/definition_subring_of_a_ring.tex) (../_definitions/definition_extension_of_a_ring.tex) (../_definitions/definition_idempotent_element_of_a_ring.tex [18]) (../_definitions/definition_orthogonal_elements_of_a_ring.tex) (../_definitions/definition_orthogonal_idempotents_of_a_ring.tex) (../_definitions/definition_complete_orthogonal_idempotents_of_a_ring.tex) (../_concepts/proposition_ring_is_product_ring_if_and_ony_if_it_has_central_orthogonal_idempotents.tex) (../_definitions/definition_ordered_ring.tex

LaTeX Warning: Hyper reference `definition:total_order_linear_order_on_a_set' on page 19 undefined on input line 8.

) (../_definitions/definition_ring_of_integers.tex) (../_definitions/definition_field_of_rational_numbers.tex) (../_definitions/definition_prime_number.tex [19]) (../_definitions/definition_power_of_an_element_of_a_ring_by_a_nonnegative_integer.tex) (../_definitions/definition_finite_field.tex) (../_concepts/theorem_finite_fields_are_exactly_characterized_by_their_cardinality.tex) (../_definitions/definition_module_of_a_ring.tex [20]) (../_definitions/definition_submodule_of_a_module_over_a_ring.tex) (../_definitions/definition_homomorphism_of_modules_over_a_ring.tex [21]) (../_definitions/definition_category_of_modules_and_bimodules_over_rings.tex) (../_definitions/definition_linear_combination_of_elements_in_a_module.tex
Overfull \hbox (11.3917pt too wide) in paragraph at lines 5--6
[]\T1/cmr/m/n/12 Let $\OML/cmm/m/it/12 M$ \T1/cmr/m/n/12 be a []$\OML/cmm/m/it/12 R$\T1/cmr/m/n/12 -$\OML/cmm/m/it/12 S$\T1/cmr/m/n/12 -bimodule[] (Def-i-ni-tion []2.5.1[]). Given el-e-ments $\OML/cmm/m/it/12 x[]; [] ; x[] \OMS/cmsy/m/n/12 2 \OML/cmm/m/it/12 M$\T1/cmr/m/n/12 , $\OML/cmm/m/it/12 r[]; [] ; r[] \OMS/cmsy/m/n/12 2
 []

[22]) (../_definitions/definition_submodule_of_a_module_generated_by_elements.tex) (../_definitions/definition_linearly_independent_elements_of_a_module_over_a_ring.tex) (../_definitions/definition_span_a_module_over_a_ring_for_elements_of_the_module.tex [23]) (../_definitions/definition_finitely_generated_modules_over_rings.tex) (../_definitions/definition_additive_category_preadditive_category.tex) (../_definitions/definition_additive_functor_between_additive_categories.tex [24]) (../_definitions/definition_abelian_category.tex) (../_definitions/definition_grothendiecks_additional_axioms_for_abelian_categories.tex [25]) (../_definitions/definition_generator_of_a_category.tex [26]) (../_definitions/definition_hom_of_left_right_bi_modules_of_rings.tex
Overfull \hbox (68.09166pt too wide) detected at line 5
[]
 []


Overfull \hbox (75.92307pt too wide) detected at line 9
[]
 []

[27]) (../_definitions/definition_product_of_modules_of_rings.tex) (../_definitions/definition_coproduct_of_modules_of_rings.tex [28]) (../_definitions/definition_quotient_module_of_a_module_by_a_module_of_a_ring.tex
Overfull \hbox (7.76445pt too wide) in paragraph at lines 13--15
\T1/cmr/m/n/12 is a sur-jec-tive []$\OML/cmm/m/it/12 R$\T1/cmr/m/n/12 -module ho-mo-mor-phism[] (Def-i-ni-tion []2.5.3[]) with []ker-nel[] (Def-i-ni-tion []2.5.19[])
 []

[29]) (../_definitions/definition_kernel_image_cokernel_of_a_module_homomorphism_over_rings.tex) (../_concepts/lemma_kernel_cokernel_image_coimage_of_modules_over_rings_are_categorical.tex
Overfull \hbox (6.37024pt too wide) in paragraph at lines 2--4
[]\T1/cmr/bx/n/12 Lemma 2.5.20. []\T1/cmr/m/n/12 Let $\OML/cmm/m/it/12 R; S$ \T1/cmr/m/n/12 be [](not-necessarily com-mu-ta-tive) rings with unity[] (Def-i-ni-tion []2.1.1[]),
 []

) (../_concepts/theorem_the_category_of_R_S_bimodules_is_a_grothendieck_abelian_category_and_AB4_star.tex [30]

LaTeX Warning: Reference `proposition:exact_sequence_in_a_diagram_category_of_an_abelian_category_indexed_by_a_small_category_is_given_by_componentwise_exact_sequences' on page 1 undefined on input line 13.


LaTeX Warning: Reference `construction_of_direct_limit_in_a_category_of_sets_with_finitary_operations' on page 1 undefined on input line 19.

) (../_definitions/definition_short_exact_sequence_in_an_additive_category.tex) (../_definitions/definition_exact_functor_between_abelian_categories.tex [31]

LaTeX Warning: Hyper reference `definition:pointed_category' on page 32 undefined on input line 13.


LaTeX Warning: Hyper reference `definition:equalizer_and_coequalizer_of_morphisms_in_a_category' on page 32 undefined on input line 13.


LaTeX Warning: Reference `theorem:limits_colimits_are_equalizers_coequaulizers_of_products_coproducts' on page 1 undefined on input line 13.

) (../_definitions/definition_module_structure_induced_from_a_module_over_the_opposite_ring.tex [32]) (../_definitions/definition_simple_module_of_a_ring.tex) (../_definitions/definition_simple_ring.tex) (../_definitions/definition_ideal_of_a_ring.tex) (../_definitions/definition_ideal_generated_by_a_subset_of_a_ring.tex [33]) (../_definitions/definition_product_of_ideals_of_a_ring.tex) (../_definitions/definition_quotient_ring_of_a_ring_by_a_two_sided_ideal.tex) (../_definitions/definition_prime_and_maximal_ideal_of_a_ring.tex [34]) (../_concepts/lemma_prime_ideal_characterization_for_a_commutative_ring.tex) (../_definitions/definition_jacobson_radical_of_a_ring.tex) (../_definitions/definition_nilpotent_ideal_of_a_ring.tex) (../_definitions/definition_simple_irreducible_semisimple_module_over_a_ring.tex) (../_definitions/definition_semisimple_ring.tex) (../_concepts/proposition_equivalent_conditions_for_a_ring_to_be_semisimple.tex) (../_concepts/proposition_ring_is_left_semisimple_if_and_only_if_right_semisimple.tex [35]) (../_definitions/definition_local_ring.tex) (../_definitions/definition_multiplicative_subset_of_a_ring.tex) (../_definitions/definition_localization_of_a_commutative_ring_by_a_multiplicative_subset.tex) (../_definitions/definition_local_morphism_of_local_rings.tex) (../_definitions/definition_tensor_product_of_bimodules_of_rings.tex [36] [37]) (../_definitions/definition_tensor_product_of_a_ring_and_an_algebra_over_a_ring.tex) (../_definitions/definition_restriction_of_scalars_of_a_left_or_right_module_along_a_ring_homomorphism_from_the_base_ring.tex [38]
Overfull \hbox (8.7186pt too wide) in paragraph at lines 21--23
[]\T1/cmr/m/n/12 The []\T1/cmr/m/it/12 re[]-[]stric[]-[]tion[] [][][]of[] [][][]scalars[] [][][]func[]-[]tor[] [][][]for[] [][][]mod[]-[]ules \T1/cmr/m/n/12 is the co-vari-ant []func-tor[] (Def-i-ni-tion []A.4.5[])
 []

) (../_definitions/definition_extension_of_scalars_base_change_induction_for_modules_along_ring_homomorphisms.tex [39]) (../_definitions/definition_coextension_coinduction_of_scalars_of_modules_along_a_ring_homomorphism.tex [40]) (../_concepts/theorem_extension_restriction_and_restriction_coextension_adjunction_for_modules_over_rings.tex [41]) (../_concepts/proposition_universal_property_of_the_tensor_product_of_bimodules.tex [42]) (../_concepts/theorem_tensor_hom_adjunction_for_bimodules_of_rings.tex
Overfull \hbox (3.96729pt too wide) in paragraph at lines 26--27
[]\T1/cmr/m/n/12 Intuitively, this ex-presses that $\OMS/cmsy/m/n/12 ^^@ 
 \OML/cmm/m/it/12 N$ \T1/cmr/m/n/12 is []left ad-joint[] (Def-i-ni-tion []A.4.11[]) to $[][]\OT1/cmr/m/n/12 (\OML/cmm/m/it/12 N; \OMS/cmsy/m/n/12 ^^@\OT1/cmr/m/n/12 )$
 []

) (../_concepts/proposition_left_right_adjoint_of_add_cats_is_add_and_right_left_exact_if_between_ab_cats.tex [43] [44]) (../_concepts/proposition_tensor_product_of_modules_is_right_exact_hom_of_modules_is_left_exact.tex [45]

LaTeX Warning: Reference `proposition:Hom_functors_on_abelian_categories_are_left_exact' on page 1 undefined on input line 31.

) (../_definitions/definition_flat_left_right_module_over_a_ring.tex

LaTeX Warning: Reference `definition:tor_functors_of_bimodules_of_rings' on page 1 undefined on input line 20.

[46]

LaTeX Warning: Reference `definition:tor_functors_of_bimodules_of_rings' on page 1 undefined on input line 37.

) (../_definitions/definition_faithfully_flat_left_right_module_over_a_ring.tex) (../_definitions/definition_flat_ring_homomorphism.tex) (../_definitions/definition_injective_and_projective_objects_in_a_category.tex [47]) (../_definitions/definition_projective_bimodule_over_rings.tex

LaTeX Warning: Reference `theorem:category_of_R_S_bimodules_is_equivalent_to_the_category_of_left_R_otimes_Z_S_op_modules' on page 1 undefined on input line 19.

[48]) (../_concepts/proposition_extension_of_scalars_preserves_projective_bimodules_over_rings.tex) (../_definitions/definition_finitely_generated_algebra_over_a_not_necessarily_commutative_ring.tex) (../_definitions/definition_finitely_presented_algebra_over_a_not_necessarily_commutative_ring.tex) (../_definitions/definition_finite_algebra_over_a_ring.tex) (../_definitions/definition_integral_element_over_a_ring.tex [49]) (../_definitions/definition_principal_ideal_ring.tex) (../_definitions/definition_unique_factorization_domain.tex) (../_definitions/definition_ascending_descending_chain_condition_on_a_partially_ordered_set.tex) (../_definitions/definition_noetherian_artinian_module_over_a_ring.tex [50]) (../_definitions/definition_left_right_artinian_ring.tex) (../_concepts/proposition_properties_of_artinian_rings.tex) (../_concepts/theorem_ring_is_left_artinian_if_and_only_if_left_noetherian_and_has_krull_dimension_zero.tex) (../_definitions/definition_field_homomorphism.tex) (../_concepts/proposition_field_homomorphism_is_injective.tex) (../_definitions/definition_extension_of_a_field.tex [51]) (../_concepts/lemma_extension_of_a_field_is_a_vector_space.tex) (../_definitions/definition_degree_of_a_field_extension.tex) (../_definitions/definition_finite_field_extension.tex) (../_concepts/lemma_tower_law_for_degrees_of_field_extensions.tex) (../_definitions/definition_characteristic_of_a_ring.tex) (../_concepts/proposition_characteristic_of_a_field_is_zero_or_a_prime.tex) (../_definitions/definition_prime_subfield_of_a_field.tex) (../_definitions/definition_algebraic_element_minimal_polynomial_of_an_algebraic_element_algebraic_field_extension_transcendental_element_field_extension.tex) (../_definitions/definition_algebraically_closed_field.tex) (../_definitions/definition_algebraic_closure_of_a_field.tex [52]) (../_definitions/definition_field_generated_by_elements.tex) (../_definitions/definition_finitely_generated_field_extension.tex) (../_definitions/definition_splitting_field_of_polynomials_over_a_field_normal_field_extension.tex) (../_concepts/theorem_existence_and_uniqueness_of_splitting_fields.tex) (../_concepts/lemma_normal_field_extension_characterization_via_embeddings_into_algebraic_closure.tex) (../_definitions/definition_separable_algebraic_field_extension.tex [53]) (../_concepts/proposition_finite_degree_field_extension_is_separable_iff_degree_many_K_embeddings_into_algebraic_closure.tex) (../_definitions/definition_separably_closed_field.tex) (../_definitions/definition_separably_closed_field_extension.tex) (../_definitions/definition_perfect_field.tex) (../_concepts/proposition_any_field_that_is_algebraically_closed_characteristic_zero_or_finite_is_perfect.tex) (../_definitions/definition_field_automorphism.tex [54]) (../_definitions/definition_automorphism_group_of_a_field_extension.tex) (../_definitions/definition_galois_extension_of_fields.tex) (../_concepts/proposition_equivalent_conditions_for_a_finite_degree_field_extension_to_be_galois.tex) (../_concepts/theorem_galois_correspondence_of_subextensions_of_finite_galois_field_extensions.tex) (../_concepts/corollary_fixed_field_of_a_galois_group_is_base_field.tex) (../_concepts/theorem_primitive_element_theorem_of_finite_separable_field_extensions.tex [55]
Overfull \hbox (4.95125pt too wide) in paragraph at lines 3--6
\T1/cmr/m/n/12 (Definition []3.1.14[]) In other words, ev-ery fi-nite sep-a-ra-ble ex-ten-sion is []sim-ple[] (Def-i-ni-tion []3.1.14[]). 
 []

) (../_concepts/theorem_infinite_galois_theory.tex) (../_concepts/proposition_galois_group_of_a_galois_extension_of_fields_is_profinite.tex) (../_definitions/definition_algebraically_independent_elements_of_an_extension_field_over_a_base_field.tex) (../_definitions/definition_transcendence_basis_of_a_field_extension.tex) (../_definitions/definition_transcendence_degree_of_a_field_extension.tex [56]) (../_definitions/definition_function_field_over_a_field.tex) (../_definitions/definition_separating_transcendence_basis_of_a_field_extension.tex) (../_definitions/definition_separable_field_extension_general.tex) (../_definitions/definition_vector_space_over_a_field.tex [57]) (../_definitions/definition_basis_of_a_vector_space_over_a_field.tex) (../_definitions/definition_morphism_of_vector_spaces.tex) (../_definitions/definition_dual_of_a_left_right_two_sided_module.tex [58]) (../_definitions/definition_matrix_over_a_ring.tex) (../_definitions/definition_multilinear_map_of_modules_over_rings.tex [59]) (../_definitions/definition_symmetric_antisymmetric_alternating_multilinear_forms_over_rings.tex) (../_definitions/definition_action_of_symmetric_group_on_tensor_power_on_a_two_sided_over_a_ring.tex) (../_definitions/definition_symmetric_exterior_power_of_a_two_sided_module_over_a_ring.tex [60]) (../_definitions/definition_involution_on_an_object_in_a_category.tex) (../_definitions/definition_involution_on_a_ring.tex) (../_definitions/definition_sesquilinear_form_on_a_module_over_a_ring_with_involution.tex [61]) (../_definitions/definition_varepsilon_hermitian_form_on_a_module_over_a_ring_with_involution.tex) (../_definitions/definition_twisted_dual_module_of_a_module_over_a_ring_with_involution.tex

LaTeX Warning: Hyper reference `definition:opposite_module_of_a_module_over_a_ring_with_involution' on page 62 undefined on input line 6.

) (../_definitions/definition_nondegenerate_nonsingular_regular_sesquilinear_form_on_a_module_over_an_involution_ring.tex) (../_definitions/definition_adjoint_map_of_a_sesquilinear_form_on_a_module_over_a_ring_with_involution.tex [62]) (../_definitions/definition_quadratic_form_over_a_ring_with_involution.tex) (../_definitions/definition_isometry_of_quadratic_modules_over_an_involution_ring.tex
Overfull \hbox (1.91644pt too wide) in paragraph at lines 4--5
[]\T1/cmr/m/n/12 An []\T1/cmr/m/it/12 isom[]-[]e[]-[]try $\OML/cmm/m/it/12 ^^^ \OT1/cmr/m/n/12 : \OML/cmm/m/it/12 M \OMS/cmsy/m/n/12 ! \OML/cmm/m/it/12 M[]$ \T1/cmr/m/n/12 is an []$\OML/cmm/m/it/12 R$\T1/cmr/m/n/12 -module iso-mor-phism[] (Def-i-ni-tion []2.5.3[]) such that $\OML/cmm/m/it/12 q[]\OT1/cmr/m/n/12 (\OML/cmm/m/it/12 ^^^\OT1/cmr/m/n/12 (\OML/cmm/m/it/12 m\OT1/cmr/m/n/12 )) =
 []

) (../_definitions/definition_nondegenerate_quadratic_form_on_a_module_over_an_involution_ring.tex [63]) (../_definitions/definition_quadratic_formm_on_a_module_over_a_commutative_ring.tex) (../_definitions/definition_isometry_of_quadratic_modules_over_a_commutative_ring.tex) (../_definitions/definition_isotropic_vector_subspace_anisotropic_quadratic_form_of_a_module_over_a_commutative_ring_with_quadratic_form.tex) (../_definitions/definition_nondegenerate_quadratic_form_on_a_module_over_a_commutative_ring.tex) (../_definitions/definition_hyperbolic_plane_over_a_commutative_ring.tex) (../_concepts/lemma_properties_of_the_hyperbolic_plane_over_a_commutative_ring.tex [64]) (../_concepts/proposition_isomorphism_criterion_for_a_quadratic_module_over_a_commutative_ring_to_be_a_hyperbolic_plane.tex
Overfull \hbox (3.58728pt too wide) in paragraph at lines 2--3
[]\T1/cmr/bx/n/12 Proposition 4.4.10 \T1/cmr/m/n/12 (Iso-mor-phism cri-te-rion)\T1/cmr/bx/n/12 . []\T1/cmr/m/n/12 Let $\OML/cmm/m/it/12 R$ \T1/cmr/m/n/12 be a []com-mu-ta-tive ring[] (Def-i-ni-tion []2.1.4[]),
 []

) (../_concepts/proposition_witt_cancellation_for_quadratic_forms_over_a_field.tex) (../_concepts/theorem_witt_decomposition_theorem_for_quadratic_forms_over_fields.tex) (../_concepts/corollary_dimension_formula_for_nondegenerate_quadratic_forms_on_vector_spcaes.tex) (../_definitions/definition_topological_group.tex) (../_definitions/definition_topological_ring.tex [65]) (../_definitions/definition_topological_field.tex) (../_definitions/definition_topological_vector_space_over_a_topological_field.tex) (../_definitions/definition_profinite_group.tex
Overfull \hbox (3.64705pt too wide) in paragraph at lines 2--3
[]\T1/cmr/bx/n/12 Definition 5.2.1 \T1/cmr/m/n/12 (Profi-nite groups)\T1/cmr/bx/n/12 . []\T1/cmr/m/n/12 A []\T1/cmr/m/it/12 profi[]-[]nite[] [][][]group \T1/cmr/m/n/12 is a []topo-log-i-cal group[] (Def-i-ni-tion []5.1.1[])
 []

[66]) (../_definitions/definition_category_of_profinite_groups.tex) (../_definitions/definition_profinite_completion_of_a_group.tex) (../_concepts/proposition_profinite_completion_of_a_group_is_a_profinite_group.tex) (../_concepts/theorem_profinite_completion_is_left_adjoint_to_inclusion_functor.tex) (../_definitions/definition_subgroup_of_profinite_group_topologically_generated_by_elements.tex) (../_definitions/definition_topologically_finitely_generated_profinite_group.tex) (../_definitions/definition_strongly_complete_profinite_group.tex [67]) (../_concepts/theorem_nikolov_segal_fgpgIscub_every_topologically_finitely_generated_profinite_group_is_strongly_complete.tex) (../_definitions/definition_small_set.tex) (../_definitions/definition_subset_of_a_set.tex) (../_definitions/definition_injective_surjective_bijective_map_of_sets.tex) (../_definitions/definition_product_of_sets.tex [68]) (../_definitions/definition_countable_finite_uncountable_sets.tex
Overfull \hbox (4.1469pt too wide) in paragraph at lines 5--6
[]\T1/cmr/m/n/12 The set $\OML/cmm/m/it/12 A$ \T1/cmr/m/n/12 is said to be []\T1/cmr/m/it/12 fi[]-[]nite \T1/cmr/m/n/12 if there ex-ists some $\OML/cmm/m/it/12 n \OMS/cmsy/m/n/12 2 \U/msb/m/n/12 N$ \T1/cmr/m/n/12 and a bi-jec-tion $\OML/cmm/m/it/12 g \OT1/cmr/m/n/12 : \OMS/cmsy/m/n/12 f\OT1/cmr/m/n/12 1\OML/cmm/m/it/12 ; \OT1/cmr/m/n/12 2\OML/cmm/m/it/12 ; [] ; n\OMS/cmsy/m/n/12 g !
 []

) (../_definitions/definition_function_of_sets.tex) (../_definitions/definition_identity_function_on_a_set.tex) (../_definitions/definition_n_ary_relation_on_sets.tex) (../_definitions/definition_equivalence_relation_on_a_set.tex) (../_definitions/definition_equivalence_class_of_an_element_of_a_set_under_an_equivalence_relation_and_quotient_of_set_by_equivalence_relation.tex [69]) (../_definitions/definition_cardinal_number_and_cardinality_of_a_set.tex) (../_definitions/definition_semigroup.tex) (../_definitions/definition_monoid.tex) (../_definitions/definition_commutative_binary_operation.tex) (../_definitions/definition_topological_space.tex [70]) (../_definitions/definition_continuous_map_between_open_subsets_of_euclidean_spaces.tex) (../_definitions/definition_compact_topological_space.tex) (../_definitions/definition_category.tex
\@gls@deffile=\write9
\openout9 = `AbstractAlgebra.glsdefs'.

 [71]) (../_definitions/definition_automorphism_of_an_object_of_a_category_automorphism_group_of_an_object_of_a_locally_small_category.tex) (../_definitions/definition_locally_small_category.tex) (../_definitions/definition_functor_between_categories.tex [72]) (../_definitions/definition_natural_transformation_between_functors_between_categories.tex
Overfull \hbox (7.19531pt too wide) in paragraph at lines 19--20
[]\T1/cmr/m/n/12 We write such a nat-u-ral trans-for-ma-tion by [][]. We might also write [][]
 []

) (../_definitions/definition_equivalence_of_categories.tex) (../_definitions/definition_category_of_objects_over_under_a_fixed_object_in_a_category.tex [73] <xymatrix 2x2 141> <xymatrix 2x2 141>) (../_definitions/definition_initial_final_zero_objects_of_a_category.tex) (../_definitions/definition_full_subcategory_of_a_category.tex [74]) (../_definitions/definition_adjoint_functors_between_categories_unit_counit_of_adjoint_functors.tex [75]) (../_definitions/definition_opposite_category_of_a_category.tex) (../_definitions/definition_product_of_finitely_many_objects_in_a_category.tex) (../_definitions/definition_kernel_and_cokernel_of_a_morphism_in_a_pointed_category.tex [76]) (../_definitions/definition_image_coimage_of_a_morphism_in_a_category.tex [77]) (../_definitions/definition_complete_and_cocomplete_category.tex) (../_definitions/definition_filtered_cofiltered_category.tex [78]) (../_definitions/definition_system_in_a_category_indexed_by_a_directed_poset.tex) (../_definitions/definition_limit_and_colimit_of_a_diagram_in_a_category.tex [79] [80]) (../_definitions/definition_projective_and_inductive_limits_in_categories.tex) (../_definitions/definition_product_and_coproduct_of_objects_in_a_category.tex [81]) (../_definitions/definition_small_and_finite_limits_and_colimits_in_a_category.tex) (../_definitions/definition_monomorphism_and_epimorphism_in_categories.tex [82]) (../_definitions/definition_subobject_of_an_object_of_a_category.tex) (../_definitions/definition_quotient_object_of_an_object_of_an_abelian_category_by_a_subobject.tex) (../_definitions/definition_full_and_faithful_functor_between_locally_small_categories.tex
Overfull \hbox (8.90968pt too wide) in paragraph at lines 6--7
[]$\OML/cmm/m/it/12 F$ \T1/cmr/m/n/12 is called []\T1/cmr/m/it/12 full \T1/cmr/m/n/12 if for ev-ery pair of ob-jects $\OML/cmm/m/it/12 x; y \OMS/cmsy/m/n/12 2 []\OT1/cmr/m/n/12 (\OMS/cmsy/m/n/12 C\OT1/cmr/m/n/12 )$\T1/cmr/m/n/12 , the in-duced rule/assignment/class
 []

) (../_definitions/definition_reflects_a_type_of_morphism_for_a_functor_between_categories.tex
Overfull \hbox (4.94249pt too wide) in paragraph at lines 5--6
[]\T1/cmr/m/n/12 One can speak of more gen-eral no-tions of re-flec-tion (e.g. re-flec-tion of []lim-its[] (Def-i-ni-tion []A.4.19[]),
 []

) (../_concepts/lemma_an_additive_functors_between_additive_categories_is_faithful_exact_if_it_only_sends_the_zero_morphism_to_a_zero_morphism.tex [83]) (../_concepts/proposition_reflection_of_monomorphism_and_epimorphisms_by_faithful_functors.tex) (../_concepts/proposition_exact_functor_between_abelian_categories_is_faithful_if_and_only_if_reflects_short_exact_sequences.tex

LaTeX Warning: Reference `proposition:full_and_faithful_additive_functor_between_abelian_categories_reflects_exactness' on page 1 undefined on input line 29.

[84]) (../_definitions/definition_n_ary_additive_functor_between_additive_categories.tex) (../_definitions/definition_flat_object_in_an_abelian_category_with_respect_to_a_right_exact_monoidal_product_functor.tex) (../_concepts/lemma_flat_objects_are_acyclic_for_tensoring_by_any_object_if_enough_projectives_or_flats_exist.tex [85]) (../_concepts/lemma_dimension_shifting_lemma_for_acyclic_syzygies.tex [86]
Overfull \hbox (10.16444pt too wide) in paragraph at lines 59--61
\T1/cmr/m/n/12 so $\OML/cmm/m/it/12 L[]F\OT1/cmr/m/n/12 (\OML/cmm/m/it/12 M[]\OT1/cmr/m/n/12 ) [] [](\OML/cmm/m/it/12 F\OT1/cmr/m/n/12 (\OML/cmm/m/it/12 M[]\OT1/cmr/m/n/12 ) \OMS/cmsy/m/n/12 ! \OML/cmm/m/it/12 F\OT1/cmr/m/n/12 (\OML/cmm/m/it/12 C[]\OT1/cmr/m/n/12 ))$\T1/cmr/m/n/12 . We found that $\OML/cmm/m/it/12 L[]F\OT1/cmr/m/n/12 (\OML/cmm/m/it/12 M[]\OT1/cmr/m/n/12 ) [] \OML/cmm/m/it/12 L[]F\OT1/cmr/m/n/12 (\OML/cmm/m/it/12 A\OT1/cmr/m/n/12 )$\T1/cmr/m/n/12 ,
 []

) (../_concepts/corollary_right_exact_bifunctor_on_abelian_categories_with_enough_projectives_and_flats_yield_unambiguous_tors.tex) (../_concepts/lemma_flat_resolution_lemma_of_tor_objects_of_abelian_categories_with_a_right_exact_bifunctor_assuming_that_category_has_enough_projectives_or_flats.tex [87]

LaTeX Warning: Reference `lemma:an_object_of_abelian_category_with_enough_objects_of_a_class_on_the_right_left_has_right_left_resolution_by_the_class' on page 1 undefined on input line 39.

) (../_concepts/lemma_finite_products_and_finite_coproducts_coincide_in_preadditive_categories.tex) (../_concepts/lemma_total_complexes_of_double_complex_with_bounded_diagonals_are_canonically_isomorphic.tex) (../_concepts/lemma_acyclic_assembly_lemma_for_bounded_double_complexes_with_exact_rows_or_columns.tex [88] [89]) (../_concepts/lemma_applying_biadd_func_to_res_is_defined_up_to_quasi_iso_and_agrees_with_the_tot_complex_of_the_double_complex_of_the_biadd_func_on_the_two_res.tex
Overfull \hbox (60.83707pt too wide) in paragraph at lines 12--13
[]\T1/cmr/m/n/12 The com-plexes $\OML/cmm/m/it/12 F\OT1/cmr/m/n/12 (\OML/cmm/m/it/12 I[]; B\OT1/cmr/m/n/12 )$ \T1/cmr/m/n/12 and $\OML/cmm/m/it/12 F\OT1/cmr/m/n/12 (\OML/cmm/m/it/12 A; I[]\OT1/cmr/m/n/12 )$ \T1/cmr/m/n/12 are quasi-isomorphic to the com-plex $[]\OT1/cmr/m/n/12 (\OML/cmm/m/it/12 F\OT1/cmr/m/n/12 (\OML/cmm/m/it/12 I[]; I[]\OT1/cmr/m/n/12 ))$\T1/cmr/m/n/12 . 
 []


Overfull \hbox (19.82pt too wide) in paragraph at lines 22--23
[]\T1/cmr/m/n/12 Let $\OML/cmm/m/it/12 C$ \T1/cmr/m/n/12 be the dou-ble com-plex of ob-jects in $\OMS/cmsy/m/n/12 C$ \T1/cmr/m/n/12 ob-tained from $\OML/cmm/m/it/12 F\OT1/cmr/m/n/12 (\OML/cmm/m/it/12 P[]; P[]\OT1/cmr/m/n/12 )$ \T1/cmr/m/n/12 by adding $\OML/cmm/m/it/12 F\OT1/cmr/m/n/12 (\OML/cmm/m/it/12 A; P[]\OT1/cmr/m/n/12 [\OMS/cmsy/m/n/12 ^^@\OT1/cmr/m/n/12 1])$
 []

) (../_concepts/theorem_balancing_generalized_derived_functors_of_a_biadditive_functor_of_abelian_categories_computed_via_flat_resolutions.tex [90]
Overfull \hbox (16.9217pt too wide) in paragraph at lines 25--27
\T1/cmr/m/n/12 is a nat-u-ral iso-mor-phism. By sym-me-try, there is a nat-u-ral iso-mor-phism $\OML/cmm/m/it/12 H[]\OT1/cmr/m/n/12 ([](\OML/cmm/m/it/12 F\OT1/cmr/m/n/12 (\OML/cmm/m/it/12 P[]P[]\OT1/cmr/m/n/12 ))) []
 []

) (../_concepts/theorem_balancing_of_tor_on_abelian_categories_with_right_exact_bifunctor.tex) (../_definitions/definition_tor_functors_of_a_right_exact_monoidal_functor_on_an_abelian_category.tex [91]) (../_definitions/definition_involution_on_a_sheaf_of_rings_on_a_site.tex [92]) (../_concepts/proposition_sesquilinear_form_on_a_finitely_generated_projective_module_over_an_involution_ring_is_nondegenerate_if_and_only_if_adjoint_map_is_isomorphism.tex) (../_definitions/definition_sesquilinear_form_on_a_sheaf_of_modules_over_a_sheaf_of_rings_on_a_site.tex) (../_definitions/definition_hermitian_form_on_a_sheaf_of_rings_with_involution_on_a_site.tex)) (AbstractAlgebra.bbl [93]
Underfull \vbox (badness 10000) has occurred while \output is active []

 [94]
Underfull \vbox (badness 10000) has occurred while \output is active []

 [95]
Overfull \hbox (20.37529pt too wide) in paragraph at lines 287--290
[]\T1/cmr/m/n/10 Hyun Jong Kim. \T1/cmtt/m/n/10 trouver\T1/cmr/m/n/10 , 2023. GitHub repos-i-tory: https://github.com/hyunjongkimmath/trouver. 
 []


Underfull \hbox (badness 2158) in paragraph at lines 396--399
[]\T1/cmr/m/n/10 James S. Milne. Lie al-ge-bras, al-ge-braic groups, and lie groups, 2013. Avail-able at
 []


Underfull \vbox (badness 10000) has occurred while \output is active []

 [96]
Underfull \hbox (badness 10000) in paragraph at lines 473--477
[]\T1/cmr/m/n/10 nLab au-thors. sta-ble ho-mo-topy cat-e-gory. []$\T1/cmtt/m/n/10 https : / / ncatlab . org / nlab / show / stable +
 []


Underfull \vbox (badness 10000) has occurred while \output is active []

 [97])

Package glossaries Warning: No \printglossary or \printglossaries found. 
(Remove \makeglossaries if you don't want any glossaries.) 
This document will not have a glossary.

[98] (AbstractAlgebra.aux)
 ***********
LaTeX2e <2025-11-01>
L3 programming layer <2026-03-20>
 ***********


LaTeX Warning: There were undefined references.

Package rerunfilecheck Info: File `AbstractAlgebra.out' has not changed.
(rerunfilecheck)             Checksum: 6D36FA03740CEDEBA6D613E11807EDF2;6828.
 ) 
Here is how much of TeX's memory you used:
 40941 strings out of 467691
 940165 string characters out of 5414988
 1219307 words of memory out of 5000000
 67423 multiletter control sequences out of 15000+600000
 658629 words of font info for 137 fonts, out of 8000000 for 9000
 1302 hyphenation exceptions out of 8191
 121i,18n,124p,3359b,1382s stack positions out of 10000i,1000n,20000p,200000b,200000s
<C:/Users/hyunj/AppData/Local/Programs/MiKTeX/fonts/type1/public/amsfonts/cm/cmbx12.pfb><C:/Users/hyunj/AppData/Local/Programs/MiKTeX/fonts/type1/public/amsfonts/cm/cmex10.pfb><C:/Users/hyunj/AppData/Local/Programs/MiKTeX/fonts/type1/public/amsfonts/cmextra/cmex8.pfb><C:/Users/hyunj/AppData/Local/Programs/MiKTeX/fonts/type1/public/amsfonts/cm/cmmi10.pfb><C:/Users/hyunj/AppData/Local/Programs/MiKTeX/fonts/type1/public/amsfonts/cm/cmmi12.pfb><C:/Users/hyunj/AppData/Local/Programs/MiKTeX/fonts/type1/public/amsfonts/cm/cmmi6.pfb><C:/Users/hyunj/AppData/Local/Programs/MiKTeX/fonts/type1/public/amsfonts/cm/cmmi8.pfb><C:/Users/hyunj/AppData/Local/Programs/MiKTeX/fonts/type1/public/amsfonts/cm/cmr10.pfb><C:/Users/hyunj/AppData/Local/Programs/MiKTeX/fonts/type1/public/amsfonts/cm/cmr12.pfb><C:/Users/hyunj/AppData/Local/Programs/MiKTeX/fonts/type1/public/amsfonts/cm/cmr5.pfb><C:/Users/hyunj/AppData/Local/Programs/MiKTeX/fonts/type1/public/amsfonts/cm/cmr6.pfb><C:/Users/hyunj/AppData/Local/Programs/MiKTeX/fonts/type1/public/amsfonts/cm/cmr7.pfb><C:/Users/hyunj/AppData/Local/Programs/MiKTeX/fonts/type1/public/amsfonts/cm/cmr8.pfb><C:/Users/hyunj/AppData/Local/Programs/MiKTeX/fonts/type1/public/amsfonts/cm/cmss12.pfb><C:/Users/hyunj/AppData/Local/Programs/MiKTeX/fonts/type1/public/amsfonts/cm/cmss8.pfb><C:/Users/hyunj/AppData/Local/Programs/MiKTeX/fonts/type1/public/amsfonts/cm/cmsy10.pfb><C:/Users/hyunj/AppData/Local/Programs/MiKTeX/fonts/type1/public/amsfonts/cm/cmsy6.pfb><C:/Users/hyunj/AppData/Local/Programs/MiKTeX/fonts/type1/public/amsfonts/cm/cmsy8.pfb><C:/Users/hyunj/AppData/Local/Programs/MiKTeX/fonts/type1/public/amsfonts/euler/eufm10.pfb><C:/Users/hyunj/AppData/Local/Programs/MiKTeX/fonts/type1/public/amsfonts/symbols/msam10.pfb><C:/Users/hyunj/AppData/Local/Programs/MiKTeX/fonts/type1/public/amsfonts/symbols/msbm10.pfb><C:/Users/hyunj/AppData/Local/Programs/MiKTeX/fonts/type1/public/amsfonts/symbols/msbm7.pfb><C:/Users/hyunj/AppData/Local/Programs/MiKTeX/fonts/type1/public/cm-super/sfbx1000.pfb><C:/Users/hyunj/AppData/Local/Programs/MiKTeX/fonts/type1/public/cm-super/sfbx1200.pfb><C:/Users/hyunj/AppData/Local/Programs/MiKTeX/fonts/type1/public/cm-super/sfcc1200.pfb><C:/Users/hyunj/AppData/Local/Programs/MiKTeX/fonts/type1/public/cm-super/sfrm0800.pfb><C:/Users/hyunj/AppData/Local/Programs/MiKTeX/fonts/type1/public/cm-super/sfrm0900.pfb><C:/Users/hyunj/AppData/Local/Programs/MiKTeX/fonts/type1/public/cm-super/sfrm1000.pfb><C:/Users/hyunj/AppData/Local/Programs/MiKTeX/fonts/type1/public/cm-super/sfrm1200.pfb><C:/Users/hyunj/AppData/Local/Programs/MiKTeX/fonts/type1/public/cm-super/sfti0800.pfb><C:/Users/hyunj/AppData/Local/Programs/MiKTeX/fonts/type1/public/cm-super/sfti1000.pfb><C:/Users/hyunj/AppData/Local/Programs/MiKTeX/fonts/type1/public/cm-super/sfti1200.pfb><C:/Users/hyunj/AppData/Local/Programs/MiKTeX/fonts/type1/public/cm-super/sftt1000.pfb><C:/Users/hyunj/AppData/Local/Programs/MiKTeX/fonts/type1/public/xypic/xyatip10.pfb><C:/Users/hyunj/AppData/Local/Programs/MiKTeX/fonts/type1/public/xypic/xybtip10.pfb>
Output written on AbstractAlgebra.pdf (98 pages, 1525143 bytes).
PDF statistics:
 4035 PDF objects out of 4296 (max. 8388607)
 900 named destinations out of 1000 (max. 500000)
 293 words of extra memory for PDF output out of 10000 (max. 10000000)

